Archive member included because of file (symbol)

c:\Users\AaronL\AppData\Roaming\Code\User\globalStorage\vexrobotics.vexcode\sdk\cpp\V5\V5_20240802_15_00_00/vexv5\libv5rt.a(v5_startup.c.obj)
                              (vexStartup)
c:\Users\AaronL\AppData\Roaming\Code\User\globalStorage\vexrobotics.vexcode\sdk\cpp\V5\V5_20240802_15_00_00/vexv5\libv5rt.a(v5_util.c.obj)
                              c:\Users\AaronL\AppData\Roaming\Code\User\globalStorage\vexrobotics.vexcode\sdk\cpp\V5\V5_20240802_15_00_00/vexv5\libv5rt.a(v5_startup.c.obj) (vexStdlibVersionLinked)
c:\Users\AaronL\AppData\Roaming\Code\User\globalStorage\vexrobotics.vexcode\sdk\cpp\V5\V5_20240802_15_00_00/vexv5\libv5rt.a(v5_apijump.c.obj)
                              c:\Users\AaronL\AppData\Roaming\Code\User\globalStorage\vexrobotics.vexcode\sdk\cpp\V5\V5_20240802_15_00_00/vexv5\libv5rt.a(v5_startup.c.obj) (vexPrivateApiEnable)
c:\Users\AaronL\AppData\Roaming\Code\User\globalStorage\vexrobotics.vexcode\sdk\cpp\V5\V5_20240802_15_00_00/vexv5\libv5rt.a(v5_apiversions.c.obj)
                              c:\Users\AaronL\AppData\Roaming\Code\User\globalStorage\vexrobotics.vexcode\sdk\cpp\V5\V5_20240802_15_00_00/vexv5\libv5rt.a(v5_apijump.c.obj) (vexSystemVersion)
c:\Users\AaronL\AppData\Roaming\Code\User\globalStorage\vexrobotics.vexcode\sdk\cpp\V5\V5_20240802_15_00_00/vexv5\libv5rt.a(vex_global.cpp.obj)
                              build/src/main.o (vex::wait(double, vex::timeUnits))
c:\Users\AaronL\AppData\Roaming\Code\User\globalStorage\vexrobotics.vexcode\sdk\cpp\V5\V5_20240802_15_00_00/vexv5\libv5rt.a(vex_motor.cpp.obj)
                              build/src/main.o (vex::motor::~motor())
c:\Users\AaronL\AppData\Roaming\Code\User\globalStorage\vexrobotics.vexcode\sdk\cpp\V5\V5_20240802_15_00_00/vexv5\libv5rt.a(vex_imu.cpp.obj)
                              build/src/JAR-Template/drive.o (vex::inertial::setRotation(double, vex::rotationUnits))
c:\Users\AaronL\AppData\Roaming\Code\User\globalStorage\vexrobotics.vexcode\sdk\cpp\V5\V5_20240802_15_00_00/vexv5\libv5rt.a(vex_rotation.cpp.obj)
                              build/src/main.o (vex::rotation::~rotation())
c:\Users\AaronL\AppData\Roaming\Code\User\globalStorage\vexrobotics.vexcode\sdk\cpp\V5\V5_20240802_15_00_00/vexv5\libv5rt.a(vex_controller.cpp.obj)
                              build/src/robot-config.o (vex::controller::~controller())
c:\Users\AaronL\AppData\Roaming\Code\User\globalStorage\vexrobotics.vexcode\sdk\cpp\V5\V5_20240802_15_00_00/vexv5\libv5rt.a(vex_task.cpp.obj)
                              build/src/JAR-Template/drive.o (vex::task::task())
c:\Users\AaronL\AppData\Roaming\Code\User\globalStorage\vexrobotics.vexcode\sdk\cpp\V5\V5_20240802_15_00_00/vexv5\libv5rt.a(vex_thread.cpp.obj)
                              c:\Users\AaronL\AppData\Roaming\Code\User\globalStorage\vexrobotics.vexcode\sdk\cpp\V5\V5_20240802_15_00_00/vexv5\libv5rt.a(vex_global.cpp.obj) (vex::this_thread::sleep_for(unsigned long))
c:\Users\AaronL\AppData\Roaming\Code\User\globalStorage\vexrobotics.vexcode\sdk\cpp\V5\V5_20240802_15_00_00/vexv5\libv5rt.a(vex_event.cpp.obj)
                              c:\Users\AaronL\AppData\Roaming\Code\User\globalStorage\vexrobotics.vexcode\sdk\cpp\V5\V5_20240802_15_00_00/vexv5\libv5rt.a(vex_imu.cpp.obj) (vex::event::init(unsigned long, unsigned long, void (*)()))
c:\Users\AaronL\AppData\Roaming\Code\User\globalStorage\vexrobotics.vexcode\sdk\cpp\V5\V5_20240802_15_00_00/vexv5\libv5rt.a(vex_mevent.cpp.obj)
                              c:\Users\AaronL\AppData\Roaming\Code\User\globalStorage\vexrobotics.vexcode\sdk\cpp\V5\V5_20240802_15_00_00/vexv5\libv5rt.a(vex_controller.cpp.obj) (vex::mevent::mevent(unsigned long, unsigned long))
c:\Users\AaronL\AppData\Roaming\Code\User\globalStorage\vexrobotics.vexcode\sdk\cpp\V5\V5_20240802_15_00_00/vexv5\libv5rt.a(vex_brain.cpp.obj)
                              build/src/autons.o (vex::brain::timer(vex::timeUnits))
c:\Users\AaronL\AppData\Roaming\Code\User\globalStorage\vexrobotics.vexcode\sdk\cpp\V5\V5_20240802_15_00_00/vexv5\libv5rt.a(vex_competition.cpp.obj)
                              build/src/main.o (vex::competition::competition())
c:\Users\AaronL\AppData\Roaming\Code\User\globalStorage\vexrobotics.vexcode\sdk\cpp\V5\V5_20240802_15_00_00/vexv5\libv5rt.a(vex_triport.cpp.obj)
                              build/src/main.o (vex::triport::~triport())
c:\Users\AaronL\AppData\Roaming\Code\User\globalStorage\vexrobotics.vexcode\sdk\cpp\V5\V5_20240802_15_00_00/vexv5\libv5rt.a(vex_color.cpp.obj)
                              c:\Users\AaronL\AppData\Roaming\Code\User\globalStorage\vexrobotics.vexcode\sdk\cpp\V5\V5_20240802_15_00_00/vexv5\libv5rt.a(vex_brain.cpp.obj) (vex::color::operator unsigned long() const)
c:\Users\AaronL\AppData\Roaming\Code\User\globalStorage\vexrobotics.vexcode\sdk\cpp\V5\V5_20240802_15_00_00/vexv5\libv5rt.a(vex_timer.cpp.obj)
[...]
Memory Configuration

Name             Origin             Length             Attributes
ps7_ddr_0_S_AXI_BASEADDR 0x03800000         0x04800000
*default*        0x00000000         0xffffffff

Linker script and memory map

                0x00002000                _STACK_SIZE = DEFINED (_STACK_SIZE)?_STACK_SIZE:0x2000
                0x00100000                _HEAP_SIZE = DEFINED (_HEAP_SIZE)?_HEAP_SIZE:0x100000
                0x00000400                _ABORT_STACK_SIZE = DEFINED (_ABORT_STACK_SIZE)?_ABORT_STACK_SIZE:0x400
                0x00000800                _SUPERVISOR_STACK_SIZE = DEFINED (_SUPERVISOR_STACK_SIZE)?_SUPERVISOR_STACK_SIZE:0x800
                0x00000400                _IRQ_STACK_SIZE = DEFINED (_IRQ_STACK_SIZE)?_IRQ_STACK_SIZE:0x400
                0x00000400                _FIQ_STACK_SIZE = DEFINED (_FIQ_STACK_SIZE)?_FIQ_STACK_SIZE:0x400
                0x00000400                _UNDEF_STACK_SIZE = DEFINED (_UNDEF_STACK_SIZE)?_UNDEF_STACK_SIZE:0x400

.text           0x03800000     0x79a8
 *(.vectors)
 *(.boot_data)
 .boot_data     0x03800000       0x20 c:\Users\AaronL\AppData\Roaming\Code\User\globalStorage\vexrobotics.vexcode\sdk\cpp\V5\V5_20240802_15_00_00/vexv5\libv5rt.a(v5_startup.c.obj)
                0x03800000                vexCodeSig
                0x00000020                . = 0x20
 *(.boot)
 .boot          0x03800020       0xbc c:\Users\AaronL\AppData\Roaming\Code\User\globalStorage\vexrobotics.vexcode\sdk\cpp\V5\V5_20240802_15_00_00/vexv5\libv5rt.a(v5_startup.c.obj)
                0x03800020                vexStartup
                0x03800100                . = ALIGN (0x40)
 *fill*         0x038000dc       0x24 
 *(.freertos_vectors)
 *(.text)
 *(.text.*)
 .text._ZN3vex11motor_groupC2IJNS_5motorES2_EEERS2_DpRT_
                0x03800100       0x44 build/src/main.o
                0x03800100                vex::motor_group::motor_group<vex::motor, vex::motor>(vex::motor&, vex::motor&, vex::motor&)
 .text._ZN5DriveD2Ev
                0x03800144       0x7c build/src/main.o
                0x03800144                Drive::~Drive()
 .text._Z9pre_autonv
                0x038001c0      0x398 build/src/main.o
                0x038001c0                pre_auton()
 .text._Z10autonomousv
                0x03800558      0x114 build/src/main.o
                0x03800558                autonomous()
 *fill*         0x0380066c        0x4 
 .text._Z11usercontrolv
                0x03800670      0xc00 build/src/main.o
                0x03800670                usercontrol()
 .text.main     0x03801270       0x68 build/src/main.o
                0x03801270                main
 .text._GLOBAL__sub_I_main.cpp
                0x038012d8      0x178 build/src/main.o
 .text._Z17default_constantsv
                0x03801450       0xfc build/src/autons.o
                0x03801450                default_constants()
 .text._Z14tank_odom_testv
                0x0380154c       0xa0 build/src/autons.o
                0x0380154c                tank_odom_test()
 .text._Z19holonomic_odom_testv
                0x038015ec       0xc0 build/src/autons.o
                0x038015ec                holonomic_odom_test()
 *fill*         0x038016ac        0x4 
 .text._Z15left_side_autonv
                0x038016b0      0x340 build/src/autons.o
                0x038016b0                left_side_auton()
 .text._Z7testifyv
                0x038019f0       0x7c build/src/autons.o
                0x038019f0                testify()
 *fill*         0x03801a6c        0x4 
 .text._Z10femboysolov
                0x03801a70      0x4c0 build/src/autons.o
                0x03801a70                femboysolo()
 .text._Z29right_side_dumbass4ball_autonv
                0x03801f30      0x220 build/src/autons.o
                0x03801f30                right_side_dumbass4ball_auton()
 .text._Z12skills_autonv
                0x03802150      0x82c build/src/autons.o
                0x03802150                skills_auton()
 .text._Z11vexcodeInitv
                0x0380297c       0x98 build/src/robot-config.o
                0x0380297c                vexcodeInit()
 .text._GLOBAL__sub_I_robot_config.cpp
                0x03802a14      0x2f8 build/src/robot-config.o
 .text._Z15reduce_0_to_360f
                0x03802d0c       0x7c build/src/JAR-Template/util.o
                0x03802d0c                reduce_0_to_360(float)
 .text._Z26reduce_negative_180_to_180f
                0x03802d88       0x90 build/src/JAR-Template/util.o
                0x03802d88                reduce_negative_180_to_180(float)
 .text._Z24reduce_negative_90_to_90f
                0x03802e18       0x90 build/src/JAR-Template/util.o
                0x03802e18                reduce_negative_90_to_90(float)
 .text._Z6to_radf
                0x03802ea8       0x28 build/src/JAR-Template/util.o
                0x03802ea8                to_rad(float)
 .text._Z6to_degf
                0x03802ed0       0x28 build/src/JAR-Template/util.o
                0x03802ed0                to_deg(float)
 .text._Z5clampfff
                0x03802ef8       0x2c build/src/JAR-Template/util.o
                0x03802ef8                clamp(float, float, float)
 .text._Z11is_reversedd
                0x03802f24       0x18 build/src/JAR-Template/util.o
                0x03802f24                is_reversed(double)
 *fill*         0x03802f3c        0x4 
 .text._Z7to_voltf
                0x03802f40       0x30 build/src/JAR-Template/util.o
                0x03802f40                to_volt(float)
 .text._Z7to_porti
                0x03802f70       0x10 build/src/JAR-Template/util.o
                0x03802f70                to_port(int)
 .text._Z8deadbandff
                0x03802f80       0x28 build/src/JAR-Template/util.o
                0x03802f80                deadband(float, float)
 .text._Z15is_line_settledfffff
                0x03802fa8       0xa8 build/src/JAR-Template/util.o
                0x03802fa8                is_line_settled(float, float, float, float, float)
 .text._Z20left_voltage_scalingff
                0x03803050       0x48 build/src/JAR-Template/util.o
                0x03803050                left_voltage_scaling(float, float)
 .text._Z21right_voltage_scalingff
                0x03803098       0x48 build/src/JAR-Template/util.o
                0x03803098                right_voltage_scaling(float, float)
 .text._Z17clamp_min_voltageff
                0x038030e0       0x4c build/src/JAR-Template/util.o
                0x038030e0                clamp_min_voltage(float, float)
 .text._ZN4Odom22set_physical_distancesEff
                0x0380312c        0x8 build/src/JAR-Template/odom.o
                0x0380312c                Odom::set_physical_distances(float, float)
 .text._ZN4Odom12set_positionEfffff
                0x03803134       0x1c build/src/JAR-Template/odom.o
                0x03803134                Odom::set_position(float, float, float, float, float)
 .text._ZN4Odom15update_positionEfff
                0x03803150      0x1a4 build/src/JAR-Template/odom.o
                0x03803150                Odom::update_position(float, float, float)
 *fill*         0x038032f4        0x4 
 .text._ZN5DriveC2E11drive_setupN3vex11motor_groupES2_ifffiiiiiffiff
                0x038032f8      0x278 build/src/JAR-Template/drive.o
                0x038032f8                Drive::Drive(drive_setup, vex::motor_group, vex::motor_group, int, float, float, float, int, int, int, int, int, float, float, int, float, float)
                0x038032f8                Drive::Drive(drive_setup, vex::motor_group, vex::motor_group, int, float, float, float, int, int, int, int, int, float, float, int, float, float)
 .text._ZN5Drive18drive_with_voltageEff
                0x03803570       0x98 build/src/JAR-Template/drive.o
                0x03803570                Drive::drive_with_voltage(float, float)
 .text._ZN5Drive18set_turn_constantsEfffff
                0x03803608       0x1c build/src/JAR-Template/drive.o
                0x03803608                Drive::set_turn_constants(float, float, float, float, float)
 .text._ZN5Drive19set_drive_constantsEfffff
                0x03803624       0x1c build/src/JAR-Template/drive.o
                0x03803624                Drive::set_drive_constants(float, float, float, float, float)
 .text._ZN5Drive21set_heading_constantsEfffff
                0x03803640       0x1c build/src/JAR-Template/drive.o
                0x03803640                Drive::set_heading_constants(float, float, float, float, float)
 .text._ZN5Drive24set_turn_exit_conditionsEfff
                0x0380365c        0xc build/src/JAR-Template/drive.o
                0x0380365c                Drive::set_turn_exit_conditions(float, float, float)
 .text._ZN5Drive25set_drive_exit_conditionsEfff
                0x03803668        0xc build/src/JAR-Template/drive.o
                0x03803668                Drive::set_drive_exit_conditions(float, float, float)
 .text._ZN5Drive25set_swing_exit_conditionsEfff
                0x03803674        0xc build/src/JAR-Template/drive.o
                0x03803674                Drive::set_swing_exit_conditions(float, float, float)
 .text._ZN5Drive20get_absolute_headingEv
                0x03803680       0x48 build/src/JAR-Template/drive.o
                0x03803680                Drive::get_absolute_heading()
 .text._ZN5Drive10drive_stopEN3vex9brakeTypeE
                0x038036c8       0x28 build/src/JAR-Template/drive.o
                0x038036c8                Drive::drive_stop(vex::brakeType)
 .text._ZN5Drive13turn_to_angleEf
                0x038036f0       0x50 build/src/JAR-Template/drive.o
                0x038036f0                Drive::turn_to_angle(float)
 .text._ZN5Drive13turn_to_angleEfffffffff
                0x03803740      0x150 build/src/JAR-Template/drive.o
                0x03803740                Drive::turn_to_angle(float, float, float, float, float, float, float, float, float)
 .text._ZN5Drive14drive_distanceEf
                0x03803890       0xc8 build/src/JAR-Template/drive.o
                0x03803890                Drive::drive_distance(float)
 .text._ZN5Drive14drive_distanceEfffffffffffffff
                0x03803958      0x2c0 build/src/JAR-Template/drive.o
                0x03803958                Drive::drive_distance(float, float, float, float, float, float, float, float, float, float, float, float, float, float, float)
 .text._ZN5Drive14drive_distanceEff
                0x03803c18       0x7c build/src/JAR-Template/drive.o
                0x03803c18                Drive::drive_distance(float, float)
 .text._ZN5Drive14drive_distanceEfffffff
                0x03803c94       0x78 build/src/JAR-Template/drive.o
                0x03803c94                Drive::drive_distance(float, float, float, float, float, float, float)
 .text._ZN5Drive27get_ForwardTracker_positionEv
                0x03803d0c       0xa0 build/src/JAR-Template/drive.o
                0x03803d0c                Drive::get_ForwardTracker_position()
 .text._ZN5Drive28get_SidewaysTracker_positionEv
                0x03803dac       0x88 build/src/JAR-Template/drive.o
                0x03803dac                Drive::get_SidewaysTracker_position()
 *fill*         0x03803e34        0x4 
 .text._ZN5Drive14position_trackEv
                0x03803e38       0x88 build/src/JAR-Template/drive.o
                0x03803e38                Drive::position_track()
 .text._ZN5Drive15set_coordinatesEfff
                0x03803ec0       0xb0 build/src/JAR-Template/drive.o
                0x03803ec0                Drive::set_coordinates(float, float, float)
 .text._ZN5Drive19position_track_taskEv
                0x03803f70       0x14 build/src/JAR-Template/drive.o
                0x03803f70                Drive::position_track_task()
 .text._ZN5Drive14drive_to_pointEff
                0x03803f84       0x80 build/src/JAR-Template/drive.o
                0x03803f84                Drive::drive_to_point(float, float)
 *fill*         0x03804004        0x4 
 .text._ZN5Drive14drive_to_pointEffffffffffffffff
                0x03804008      0x36c build/src/JAR-Template/drive.o
                0x03804008                Drive::drive_to_point(float, float, float, float, float, float, float, float, float, float, float, float, float, float, float, float)
 .text._ZN5Drive13turn_to_pointEff
                0x03804374       0x5c build/src/JAR-Template/drive.o
                0x03804374                Drive::turn_to_point(float, float)
 .text._ZN5Drive13turn_to_pointEfffffffffff
                0x038043d0      0x1d0 build/src/JAR-Template/drive.o
                0x038043d0                Drive::turn_to_point(float, float, float, float, float, float, float, float, float, float, float)
 .text._ZN5Drive23holonomic_drive_to_poseEffffffffffffffff
                0x038045a0      0x488 build/src/JAR-Template/drive.o
                0x038045a0                Drive::holonomic_drive_to_pose(float, float, float, float, float, float, float, float, float, float, float, float, float, float, float, float)
 .text._ZN5Drive23holonomic_drive_to_poseEfff
                0x03804a28       0x7c build/src/JAR-Template/drive.o
                0x03804a28                Drive::holonomic_drive_to_pose(float, float, float)
 .text._ZN5Drive16set_driver_scaleEf
                0x03804aa4       0x20 build/src/JAR-Template/drive.o
                0x03804aa4                Drive::set_driver_scale(float)
 .text._ZN5Drive14set_auton_modeEb
                0x03804ac4        0x8 build/src/JAR-Template/drive.o
                0x03804ac4                Drive::set_auton_mode(bool)
 .text._ZN3PIDC2Efffff
                0x03804acc       0x38 build/src/JAR-Template/PID.o
                0x03804acc                PID::PID(float, float, float, float, float)
                0x03804acc                PID::PID(float, float, float, float, float)
 .text._ZN3PIDC2Effffffff
                0x03804b04       0x50 build/src/JAR-Template/PID.o
                0x03804b04                PID::PID(float, float, float, float, float, float, float, float)
                0x03804b04                PID::PID(float, float, float, float, float, float, float, float)
 .text._ZN3PID7computeEf
                0x03804b54       0xd0 build/src/JAR-Template/PID.o
                0x03804b54                PID::compute(float)
 .text._ZN3PID10is_settledEv
                0x03804c24       0x44 build/src/JAR-Template/PID.o
                0x03804c24                PID::is_settled()
 .text.vexMain  0x03804c68       0xb0 c:\Users\AaronL\AppData\Roaming\Code\User\globalStorage\vexrobotics.vexcode\sdk\cpp\V5\V5_20240802_15_00_00/vexv5\libv5rt.a(v5_startup.c.obj)
                0x03804c68                vexMain
 .text.__vex_function_prolog
                0x03804d18       0x18 c:\Users\AaronL\AppData\Roaming\Code\User\globalStorage\vexrobotics.vexcode\sdk\cpp\V5\V5_20240802_15_00_00/vexv5\libv5rt.a(v5_startup.c.obj)
                0x03804d18                __vex_function_prolog
 .text._init    0x03804d30        0x4 c:\Users\AaronL\AppData\Roaming\Code\User\globalStorage\vexrobotics.vexcode\sdk\cpp\V5\V5_20240802_15_00_00/vexv5\libv5rt.a(v5_startup.c.obj)
                0x03804d30                _init
 .text._fini    0x03804d34        0x4 c:\Users\AaronL\AppData\Roaming\Code\User\globalStorage\vexrobotics.vexcode\sdk\cpp\V5\V5_20240802_15_00_00/vexv5\libv5rt.a(v5_startup.c.obj)
                0x03804d34                _fini
 .text.vexStdlibVersionLinked
                0x03804d38        0xc c:\Users\AaronL\AppData\Roaming\Code\User\globalStorage\vexrobotics.vexcode\sdk\cpp\V5\V5_20240802_15_00_00/vexv5\libv5rt.a(v5_util.c.obj)
                0x03804d38                vexStdlibVersionLinked
 .text.vexStdlibVersionVerify
                0x03804d44       0x30 c:\Users\AaronL\AppData\Roaming\Code\User\globalStorage\vexrobotics.vexcode\sdk\cpp\V5\V5_20240802_15_00_00/vexv5\libv5rt.a(v5_util.c.obj)
                0x03804d44                vexStdlibVersionVerify
 .text.vexPrivateApiEnable
                0x03804d74       0x10 c:\Users\AaronL\AppData\Roaming\Code\User\globalStorage\vexrobotics.vexcode\sdk\cpp\V5\V5_20240802_15_00_00/vexv5\libv5rt.a(v5_apijump.c.obj)
                0x03804d74                vexPrivateApiEnable
 .text.vexStdlibMismatchError
                0x03804d84       0x3c c:\Users\AaronL\AppData\Roaming\Code\User\globalStorage\vexrobotics.vexcode\sdk\cpp\V5\V5_20240802_15_00_00/vexv5\libv5rt.a(v5_apijump.c.obj)
                0x03804d84                vexStdlibMismatchError
 .text.vexTaskAdd
                0x03804dc0       0x10 c:\Users\AaronL\AppData\Roaming\Code\User\globalStorage\vexrobotics.vexcode\sdk\cpp\V5\V5_20240802_15_00_00/vexv5\libv5rt.a(v5_apijump.c.obj)
                0x03804dc0                vexTaskAdd
 .text.vexTasksRun
                0x03804dd0       0x10 c:\Users\AaronL\AppData\Roaming\Code\User\globalStorage\vexrobotics.vexcode\sdk\cpp\V5\V5_20240802_15_00_00/vexv5\libv5rt.a(v5_apijump.c.obj)
                0x03804dd0                vexTasksRun
 .text.vexTaskYield
                0x03804de0       0x10 c:\Users\AaronL\AppData\Roaming\Code\User\globalStorage\vexrobotics.vexcode\sdk\cpp\V5\V5_20240802_15_00_00/vexv5\libv5rt.a(v5_apijump.c.obj)
                0x03804de0                vexTaskYield
 .text.vexTaskCheckTimeslice
                0x03804df0       0x10 c:\Users\AaronL\AppData\Roaming\Code\User\globalStorage\vexrobotics.vexcode\sdk\cpp\V5\V5_20240802_15_00_00/vexv5\libv5rt.a(v5_apijump.c.obj)
                0x03804df0                vexTaskCheckTimeslice
 .text.vexTaskGetIndex
                0x03804e00       0x10 c:\Users\AaronL\AppData\Roaming\Code\User\globalStorage\vexrobotics.vexcode\sdk\cpp\V5\V5_20240802_15_00_00/vexv5\libv5rt.a(v5_apijump.c.obj)
                0x03804e00                vexTaskGetIndex
 .text.vexTaskSleep
                0x03804e10       0x10 c:\Users\AaronL\AppData\Roaming\Code\User\globalStorage\vexrobotics.vexcode\sdk\cpp\V5\V5_20240802_15_00_00/vexv5\libv5rt.a(v5_apijump.c.obj)
                0x03804e10                vexTaskSleep
 .text.vexTasksDump
                0x03804e20       0x1c c:\Users\AaronL\AppData\Roaming\Code\User\globalStorage\vexrobotics.vexcode\sdk\cpp\V5\V5_20240802_15_00_00/vexv5\libv5rt.a(v5_apijump.c.obj)
                0x03804e20                vexTasksDump
 .text.vexTaskGetTaskIndex
                0x03804e3c       0x10 c:\Users\AaronL\AppData\Roaming\Code\User\globalStorage\vexrobotics.vexcode\sdk\cpp\V5\V5_20240802_15_00_00/vexv5\libv5rt.a(v5_apijump.c.obj)
                0x03804e3c                vexTaskGetTaskIndex
 .text.vexTaskStopAll
                0x03804e4c       0x10 c:\Users\AaronL\AppData\Roaming\Code\User\globalStorage\vexrobotics.vexcode\sdk\cpp\V5\V5_20240802_15_00_00/vexv5\libv5rt.a(v5_apijump.c.obj)
                0x03804e4c                vexTaskStopAll
 .text.vexTaskRemoveAllUser
                0x03804e5c       0x34 c:\Users\AaronL\AppData\Roaming\Code\User\globalStorage\vexrobotics.vexcode\sdk\cpp\V5\V5_20240802_15_00_00/vexv5\libv5rt.a(v5_apijump.c.obj)
                0x03804e5c                vexTaskRemoveAllUser
 .text.vexTaskCompletionIdSet
                0x03804e90       0x10 c:\Users\AaronL\AppData\Roaming\Code\User\globalStorage\vexrobotics.vexcode\sdk\cpp\V5\V5_20240802_15_00_00/vexv5\libv5rt.a(v5_apijump.c.obj)
                0x03804e90                vexTaskCompletionIdSet
 .text.vexTaskStopWithId
                0x03804ea0       0x10 c:\Users\AaronL\AppData\Roaming\Code\User\globalStorage\vexrobotics.vexcode\sdk\cpp\V5\V5_20240802_15_00_00/vexv5\libv5rt.a(v5_apijump.c.obj)
                0x03804ea0                vexTaskStopWithId
 .text.vexTaskGetCallbackAndId
                0x03804eb0       0x54 c:\Users\AaronL\AppData\Roaming\Code\User\globalStorage\vexrobotics.vexcode\sdk\cpp\V5\V5_20240802_15_00_00/vexv5\libv5rt.a(v5_apijump.c.obj)
                0x03804eb0                vexTaskGetCallbackAndId
 .text.vexCriticalSection
                0x03804f04       0x2c c:\Users\AaronL\AppData\Roaming\Code\User\globalStorage\vexrobotics.vexcode\sdk\cpp\V5\V5_20240802_15_00_00/vexv5\libv5rt.a(v5_apijump.c.obj)
                0x03804f04                vexCriticalSection
 .text.vexEventAdd
                0x03804f30       0x34 c:\Users\AaronL\AppData\Roaming\Code\User\globalStorage\vexrobotics.vexcode\sdk\cpp\V5\V5_20240802_15_00_00/vexv5\libv5rt.a(v5_apijump.c.obj)
                0x03804f30                vexEventAdd
 .text.vexEventUserIndexGet
                0x03804f64       0x1c c:\Users\AaronL\AppData\Roaming\Code\User\globalStorage\vexrobotics.vexcode\sdk\cpp\V5\V5_20240802_15_00_00/vexv5\libv5rt.a(v5_apijump.c.obj)
                0x03804f64                vexEventUserIndexGet
 .text.vexEventAddWithArg
                0x03804f80       0x3c c:\Users\AaronL\AppData\Roaming\Code\User\globalStorage\vexrobotics.vexcode\sdk\cpp\V5\V5_20240802_15_00_00/vexv5\libv5rt.a(v5_apijump.c.obj)
                0x03804f80                vexEventAddWithArg
 .text.vexEventsCleanup
                0x03804fbc       0x2c c:\Users\AaronL\AppData\Roaming\Code\User\globalStorage\vexrobotics.vexcode\sdk\cpp\V5\V5_20240802_15_00_00/vexv5\libv5rt.a(v5_apijump.c.obj)
                0x03804fbc                vexEventsCleanup
 .text.vexDebug
                0x03804fe8       0x38 c:\Users\AaronL\AppData\Roaming\Code\User\globalStorage\vexrobotics.vexcode\sdk\cpp\V5\V5_20240802_15_00_00/vexv5\libv5rt.a(v5_apijump.c.obj)
                0x03804fe8                vexDebug
 .text.vex_sprintf
                0x03805020       0x40 c:\Users\AaronL\AppData\Roaming\Code\User\globalStorage\vexrobotics.vexcode\sdk\cpp\V5\V5_20240802_15_00_00/vexv5\libv5rt.a(v5_apijump.c.obj)
                0x03805020                vex_sprintf
 .text.vex_vsnprintf
                0x03805060       0x3c c:\Users\AaronL\AppData\Roaming\Code\User\globalStorage\vexrobotics.vexcode\sdk\cpp\V5\V5_20240802_15_00_00/vexv5\libv5rt.a(v5_apijump.c.obj)
                0x03805060                vex_vsnprintf
 .text.vexSystemTimeGet
                0x0380509c       0x1c c:\Users\AaronL\AppData\Roaming\Code\User\globalStorage\vexrobotics.vexcode\sdk\cpp\V5\V5_20240802_15_00_00/vexv5\libv5rt.a(v5_apijump.c.obj)
                0x0380509c                vexSystemTimeGet
 .text.vexSystemExitRequest
                0x038050b8       0x1c c:\Users\AaronL\AppData\Roaming\Code\User\globalStorage\vexrobotics.vexcode\sdk\cpp\V5\V5_20240802_15_00_00/vexv5\libv5rt.a(v5_apijump.c.obj)
                0x038050b8                vexSystemExitRequest
 .text.vexDeviceGetByIndex
                0x038050d4       0x24 c:\Users\AaronL\AppData\Roaming\Code\User\globalStorage\vexrobotics.vexcode\sdk\cpp\V5\V5_20240802_15_00_00/vexv5\libv5rt.a(v5_apijump.c.obj)
                0x038050d4                vexDeviceGetByIndex
 .text.vexControllerGet
                0x038050f8       0x2c c:\Users\AaronL\AppData\Roaming\Code\User\globalStorage\vexrobotics.vexcode\sdk\cpp\V5\V5_20240802_15_00_00/vexv5\libv5rt.a(v5_apijump.c.obj)
                0x038050f8                vexControllerGet
 .text.vexDeviceAdiPortConfigSet
                0x03805124       0x34 c:\Users\AaronL\AppData\Roaming\Code\User\globalStorage\vexrobotics.vexcode\sdk\cpp\V5\V5_20240802_15_00_00/vexv5\libv5rt.a(v5_apijump.c.obj)
                0x03805124                vexDeviceAdiPortConfigSet
 .text.vexDeviceAdiPortConfigGet
                0x03805158       0x2c c:\Users\AaronL\AppData\Roaming\Code\User\globalStorage\vexrobotics.vexcode\sdk\cpp\V5\V5_20240802_15_00_00/vexv5\libv5rt.a(v5_apijump.c.obj)
                0x03805158                vexDeviceAdiPortConfigGet
 .text.vexDeviceAdiValueSet
                0x03805184       0x34 c:\Users\AaronL\AppData\Roaming\Code\User\globalStorage\vexrobotics.vexcode\sdk\cpp\V5\V5_20240802_15_00_00/vexv5\libv5rt.a(v5_apijump.c.obj)
                0x03805184                vexDeviceAdiValueSet
 .text.vexDeviceAdiValueGet
                0x038051b8       0x2c c:\Users\AaronL\AppData\Roaming\Code\User\globalStorage\vexrobotics.vexcode\sdk\cpp\V5\V5_20240802_15_00_00/vexv5\libv5rt.a(v5_apijump.c.obj)
                0x038051b8                vexDeviceAdiValueGet
 .text.vexDeviceMotorVelocitySet
                0x038051e4       0x2c c:\Users\AaronL\AppData\Roaming\Code\User\globalStorage\vexrobotics.vexcode\sdk\cpp\V5\V5_20240802_15_00_00/vexv5\libv5rt.a(v5_apijump.c.obj)
                0x038051e4                vexDeviceMotorVelocitySet
 .text.vexDeviceMotorVoltageSet
                0x03805210       0x2c c:\Users\AaronL\AppData\Roaming\Code\User\globalStorage\vexrobotics.vexcode\sdk\cpp\V5\V5_20240802_15_00_00/vexv5\libv5rt.a(v5_apijump.c.obj)
                0x03805210                vexDeviceMotorVoltageSet
 .text.vexDeviceMotorActualVelocityGet
                0x0380523c       0x24 c:\Users\AaronL\AppData\Roaming\Code\User\globalStorage\vexrobotics.vexcode\sdk\cpp\V5\V5_20240802_15_00_00/vexv5\libv5rt.a(v5_apijump.c.obj)
                0x0380523c                vexDeviceMotorActualVelocityGet
 .text.vexDeviceMotorReverseFlagSet
                0x03805260       0x2c c:\Users\AaronL\AppData\Roaming\Code\User\globalStorage\vexrobotics.vexcode\sdk\cpp\V5\V5_20240802_15_00_00/vexv5\libv5rt.a(v5_apijump.c.obj)
                0x03805260                vexDeviceMotorReverseFlagSet
 .text.vexDeviceMotorEncoderUnitsSet
                0x0380528c       0x2c c:\Users\AaronL\AppData\Roaming\Code\User\globalStorage\vexrobotics.vexcode\sdk\cpp\V5\V5_20240802_15_00_00/vexv5\libv5rt.a(v5_apijump.c.obj)
                0x0380528c                vexDeviceMotorEncoderUnitsSet
 .text.vexDeviceMotorBrakeModeSet
                0x038052b8       0x2c c:\Users\AaronL\AppData\Roaming\Code\User\globalStorage\vexrobotics.vexcode\sdk\cpp\V5\V5_20240802_15_00_00/vexv5\libv5rt.a(v5_apijump.c.obj)
                0x038052b8                vexDeviceMotorBrakeModeSet
 .text.vexDeviceMotorPositionSet
                0x038052e4       0x34 c:\Users\AaronL\AppData\Roaming\Code\User\globalStorage\vexrobotics.vexcode\sdk\cpp\V5\V5_20240802_15_00_00/vexv5\libv5rt.a(v5_apijump.c.obj)
                0x038052e4                vexDeviceMotorPositionSet
 .text.vexDeviceMotorPositionGet
                0x03805318       0x24 c:\Users\AaronL\AppData\Roaming\Code\User\globalStorage\vexrobotics.vexcode\sdk\cpp\V5\V5_20240802_15_00_00/vexv5\libv5rt.a(v5_apijump.c.obj)
                0x03805318                vexDeviceMotorPositionGet
 .text.vexDeviceMotorGearingSet
                0x0380533c       0x2c c:\Users\AaronL\AppData\Roaming\Code\User\globalStorage\vexrobotics.vexcode\sdk\cpp\V5\V5_20240802_15_00_00/vexv5\libv5rt.a(v5_apijump.c.obj)
                0x0380533c                vexDeviceMotorGearingSet
 .text.vexDeviceMotorGearingGet
                0x03805368       0x24 c:\Users\AaronL\AppData\Roaming\Code\User\globalStorage\vexrobotics.vexcode\sdk\cpp\V5\V5_20240802_15_00_00/vexv5\libv5rt.a(v5_apijump.c.obj)
                0x03805368                vexDeviceMotorGearingGet
 .text.vexDeviceImuReset
                0x0380538c       0x24 c:\Users\AaronL\AppData\Roaming\Code\User\globalStorage\vexrobotics.vexcode\sdk\cpp\V5\V5_20240802_15_00_00/vexv5\libv5rt.a(v5_apijump.c.obj)
                0x0380538c                vexDeviceImuReset
 .text.vexDeviceImuHeadingGet
                0x038053b0       0x24 c:\Users\AaronL\AppData\Roaming\Code\User\globalStorage\vexrobotics.vexcode\sdk\cpp\V5\V5_20240802_15_00_00/vexv5\libv5rt.a(v5_apijump.c.obj)
                0x038053b0                vexDeviceImuHeadingGet
 .text.vexDeviceImuDegreesGet
                0x038053d4       0x24 c:\Users\AaronL\AppData\Roaming\Code\User\globalStorage\vexrobotics.vexcode\sdk\cpp\V5\V5_20240802_15_00_00/vexv5\libv5rt.a(v5_apijump.c.obj)
                0x038053d4                vexDeviceImuDegreesGet
 .text.vexDeviceImuStatusGet
                0x038053f8       0x24 c:\Users\AaronL\AppData\Roaming\Code\User\globalStorage\vexrobotics.vexcode\sdk\cpp\V5\V5_20240802_15_00_00/vexv5\libv5rt.a(v5_apijump.c.obj)
                0x038053f8                vexDeviceImuStatusGet
 .text.vexDeviceAbsEncPositionGet
                0x0380541c       0x24 c:\Users\AaronL\AppData\Roaming\Code\User\globalStorage\vexrobotics.vexcode\sdk\cpp\V5\V5_20240802_15_00_00/vexv5\libv5rt.a(v5_apijump.c.obj)
                0x0380541c                vexDeviceAbsEncPositionGet
 .text.vexDeviceAbsEncAngleGet
                0x03805440       0x24 c:\Users\AaronL\AppData\Roaming\Code\User\globalStorage\vexrobotics.vexcode\sdk\cpp\V5\V5_20240802_15_00_00/vexv5\libv5rt.a(v5_apijump.c.obj)
                0x03805440                vexDeviceAbsEncAngleGet
 .text.vexDeviceAbsEncReverseFlagSet
                0x03805464       0x2c c:\Users\AaronL\AppData\Roaming\Code\User\globalStorage\vexrobotics.vexcode\sdk\cpp\V5\V5_20240802_15_00_00/vexv5\libv5rt.a(v5_apijump.c.obj)
                0x03805464                vexDeviceAbsEncReverseFlagSet
 .text.vexDisplayForegroundColor
                0x03805490       0x24 c:\Users\AaronL\AppData\Roaming\Code\User\globalStorage\vexrobotics.vexcode\sdk\cpp\V5\V5_20240802_15_00_00/vexv5\libv5rt.a(v5_apijump.c.obj)
                0x03805490                vexDisplayForegroundColor
 .text.vexDisplayBackgroundColor
                0x038054b4       0x24 c:\Users\AaronL\AppData\Roaming\Code\User\globalStorage\vexrobotics.vexcode\sdk\cpp\V5\V5_20240802_15_00_00/vexv5\libv5rt.a(v5_apijump.c.obj)
                0x038054b4                vexDisplayBackgroundColor
 .text.vexDisplayBackgroundColorGet
                0x038054d8       0x1c c:\Users\AaronL\AppData\Roaming\Code\User\globalStorage\vexrobotics.vexcode\sdk\cpp\V5\V5_20240802_15_00_00/vexv5\libv5rt.a(v5_apijump.c.obj)
                0x038054d8                vexDisplayBackgroundColorGet
 .text.vexDisplayRectClear
                0x038054f4       0x4c c:\Users\AaronL\AppData\Roaming\Code\User\globalStorage\vexrobotics.vexcode\sdk\cpp\V5\V5_20240802_15_00_00/vexv5\libv5rt.a(v5_apijump.c.obj)
                0x038054f4                vexDisplayRectClear
 .text.vexDisplayVPrintf
                0x03805540       0x50 c:\Users\AaronL\AppData\Roaming\Code\User\globalStorage\vexrobotics.vexcode\sdk\cpp\V5\V5_20240802_15_00_00/vexv5\libv5rt.a(v5_apijump.c.obj)
                0x03805540                vexDisplayVPrintf
 .text.vexDisplayTextReference
                0x03805590       0x24 c:\Users\AaronL\AppData\Roaming\Code\User\globalStorage\vexrobotics.vexcode\sdk\cpp\V5\V5_20240802_15_00_00/vexv5\libv5rt.a(v5_apijump.c.obj)
                0x03805590                vexDisplayTextReference
 .text.vexDisplayTextSize
                0x038055b4       0x2c c:\Users\AaronL\AppData\Roaming\Code\User\globalStorage\vexrobotics.vexcode\sdk\cpp\V5\V5_20240802_15_00_00/vexv5\libv5rt.a(v5_apijump.c.obj)
                0x038055b4                vexDisplayTextSize
 .text.vexDisplayFontNamedSet
                0x038055e0       0x24 c:\Users\AaronL\AppData\Roaming\Code\User\globalStorage\vexrobotics.vexcode\sdk\cpp\V5\V5_20240802_15_00_00/vexv5\libv5rt.a(v5_apijump.c.obj)
                0x038055e0                vexDisplayFontNamedSet
 .text.vexDisplayStringWidthGet
                0x03805604       0x24 c:\Users\AaronL\AppData\Roaming\Code\User\globalStorage\vexrobotics.vexcode\sdk\cpp\V5\V5_20240802_15_00_00/vexv5\libv5rt.a(v5_apijump.c.obj)
                0x03805604                vexDisplayStringWidthGet
 .text.vexSystemStdlibImpureDataAddr
                0x03805628       0x28 c:\Users\AaronL\AppData\Roaming\Code\User\globalStorage\vexrobotics.vexcode\sdk\cpp\V5\V5_20240802_15_00_00/vexv5\libv5rt.a(v5_apijump.c.obj)
                0x03805628                vexSystemStdlibImpureDataAddr
 .text.vexSystemStdlibImpureDataSize
                0x03805650       0x28 c:\Users\AaronL\AppData\Roaming\Code\User\globalStorage\vexrobotics.vexcode\sdk\cpp\V5\V5_20240802_15_00_00/vexv5\libv5rt.a(v5_apijump.c.obj)
                0x03805650                vexSystemStdlibImpureDataSize
 .text.vexSystemSaveUserData
                0x03805678       0x3c c:\Users\AaronL\AppData\Roaming\Code\User\globalStorage\vexrobotics.vexcode\sdk\cpp\V5\V5_20240802_15_00_00/vexv5\libv5rt.a(v5_apijump.c.obj)
                0x03805678                vexSystemSaveUserData
 .text.vexTouchDataGet
                0x038056b4       0x10 c:\Users\AaronL\AppData\Roaming\Code\User\globalStorage\vexrobotics.vexcode\sdk\cpp\V5\V5_20240802_15_00_00/vexv5\libv5rt.a(v5_apijump.c.obj)
                0x038056b4                vexTouchDataGet
 .text.vexDisplayThemeIdGet
                0x038056c4       0x38 c:\Users\AaronL\AppData\Roaming\Code\User\globalStorage\vexrobotics.vexcode\sdk\cpp\V5\V5_20240802_15_00_00/vexv5\libv5rt.a(v5_apijump.c.obj)
                0x038056c4                vexDisplayThemeIdGet
 .text.vexBatteryCapacityGet
                0x038056fc       0x1c c:\Users\AaronL\AppData\Roaming\Code\User\globalStorage\vexrobotics.vexcode\sdk\cpp\V5\V5_20240802_15_00_00/vexv5\libv5rt.a(v5_apijump.c.obj)
                0x038056fc                vexBatteryCapacityGet
 .text.vexDeviceEventMaskSet
                0x03805718       0x48 c:\Users\AaronL\AppData\Roaming\Code\User\globalStorage\vexrobotics.vexcode\sdk\cpp\V5\V5_20240802_15_00_00/vexv5\libv5rt.a(v5_apijump.c.obj)
                0x03805718                vexDeviceEventMaskSet
 .text.vexDeviceEventMaskGet
                0x03805760       0x3c c:\Users\AaronL\AppData\Roaming\Code\User\globalStorage\vexrobotics.vexcode\sdk\cpp\V5\V5_20240802_15_00_00/vexv5\libv5rt.a(v5_apijump.c.obj)
                0x03805760                vexDeviceEventMaskGet
 .text.vexSystemVersion
                0x0380579c       0x10 c:\Users\AaronL\AppData\Roaming\Code\User\globalStorage\vexrobotics.vexcode\sdk\cpp\V5\V5_20240802_15_00_00/vexv5\libv5rt.a(v5_apiversions.c.obj)
                0x0380579c                vexSystemVersion
 .text.vexStdlibVersion
                0x038057ac       0x10 c:\Users\AaronL\AppData\Roaming\Code\User\globalStorage\vexrobotics.vexcode\sdk\cpp\V5\V5_20240802_15_00_00/vexv5\libv5rt.a(v5_apiversions.c.obj)
                0x038057ac                vexStdlibVersion
 *fill*         0x038057bc        0x4 
 .text._ZN3vex4waitEdNS_9timeUnitsE
                0x038057c0       0x30 c:\Users\AaronL\AppData\Roaming\Code\User\globalStorage\vexrobotics.vexcode\sdk\cpp\V5\V5_20240802_15_00_00/vexv5\libv5rt.a(vex_global.cpp.obj)
                0x038057c0                vex::wait(double, vex::timeUnits)
 .text._ZN3vex5motorD2Ev
                0x038057f0       0x20 c:\Users\AaronL\AppData\Roaming\Code\User\globalStorage\vexrobotics.vexcode\sdk\cpp\V5\V5_20240802_15_00_00/vexv5\libv5rt.a(vex_motor.cpp.obj)
                0x038057f0                vex::motor::~motor()
                0x038057f0                vex::motor::~motor()
 .text._ZN3vex5motorD0Ev
                0x03805810       0x1c c:\Users\AaronL\AppData\Roaming\Code\User\globalStorage\vexrobotics.vexcode\sdk\cpp\V5\V5_20240802_15_00_00/vexv5\libv5rt.a(vex_motor.cpp.obj)
                0x03805810                vex::motor::~motor()
 .text._ZN3vex5motor9installedEv
                0x0380582c       0x18 c:\Users\AaronL\AppData\Roaming\Code\User\globalStorage\vexrobotics.vexcode\sdk\cpp\V5\V5_20240802_15_00_00/vexv5\libv5rt.a(vex_motor.cpp.obj)
                0x0380582c                vex::motor::installed()
 .text._ZN3vex5motor15defaultStoppingENS_9brakeTypeE
                0x03805844       0x30 c:\Users\AaronL\AppData\Roaming\Code\User\globalStorage\vexrobotics.vexcode\sdk\cpp\V5\V5_20240802_15_00_00/vexv5\libv5rt.a(vex_motor.cpp.obj)
                0x03805844                vex::motor::defaultStopping(vex::brakeType)
 .text._ZN3vex5motor11setStoppingENS_9brakeTypeE
                0x03805874        0x4 c:\Users\AaronL\AppData\Roaming\Code\User\globalStorage\vexrobotics.vexcode\sdk\cpp\V5\V5_20240802_15_00_00/vexv5\libv5rt.a(vex_motor.cpp.obj)
                0x03805874                vex::motor::setStopping(vex::brakeType)
 .text._ZN3vex5motorC2El
                0x03805878       0x78 c:\Users\AaronL\AppData\Roaming\Code\User\globalStorage\vexrobotics.vexcode\sdk\cpp\V5\V5_20240802_15_00_00/vexv5\libv5rt.a(vex_motor.cpp.obj)
                0x03805878                vex::motor::motor(long)
                0x03805878                vex::motor::motor(long)
 .text._ZN3vex5motorC2ElNS_11gearSettingEb
                0x038058f0       0x34 c:\Users\AaronL\AppData\Roaming\Code\User\globalStorage\vexrobotics.vexcode\sdk\cpp\V5\V5_20240802_15_00_00/vexv5\libv5rt.a(vex_motor.cpp.obj)
                0x038058f0                vex::motor::motor(long, vex::gearSetting, bool)
                0x038058f0                vex::motor::motor(long, vex::gearSetting, bool)
 .text._ZN3vex5motorC2Elb
                0x03805924       0x24 c:\Users\AaronL\AppData\Roaming\Code\User\globalStorage\vexrobotics.vexcode\sdk\cpp\V5\V5_20240802_15_00_00/vexv5\libv5rt.a(vex_motor.cpp.obj)
                0x03805924                vex::motor::motor(long, bool)
                0x03805924                vex::motor::motor(long, bool)
 .text._ZN3vex5motor4spinENS_13directionTypeEdNS_12voltageUnitsE
                0x03805948       0x50 c:\Users\AaronL\AppData\Roaming\Code\User\globalStorage\vexrobotics.vexcode\sdk\cpp\V5\V5_20240802_15_00_00/vexv5\libv5rt.a(vex_motor.cpp.obj)
                0x03805948                vex::motor::spin(vex::directionType, double, vex::voltageUnits)
 .text._ZN3vex5motor4stopENS_9brakeTypeE
                0x03805998       0x30 c:\Users\AaronL\AppData\Roaming\Code\User\globalStorage\vexrobotics.vexcode\sdk\cpp\V5\V5_20240802_15_00_00/vexv5\libv5rt.a(vex_motor.cpp.obj)
                0x03805998                vex::motor::stop(vex::brakeType)
 .text._ZN3vex5motor4stopEv
                0x038059c8        0x8 c:\Users\AaronL\AppData\Roaming\Code\User\globalStorage\vexrobotics.vexcode\sdk\cpp\V5\V5_20240802_15_00_00/vexv5\libv5rt.a(vex_motor.cpp.obj)
                0x038059c8                vex::motor::stop()
 .text._ZN3vex5motor16velocityToScaledEdNS_13velocityUnitsE
                0x038059d0       0x5c c:\Users\AaronL\AppData\Roaming\Code\User\globalStorage\vexrobotics.vexcode\sdk\cpp\V5\V5_20240802_15_00_00/vexv5\libv5rt.a(vex_motor.cpp.obj)
                0x038059d0                vex::motor::velocityToScaled(double, vex::velocityUnits)
 .text._ZN3vex5motor8velocityENS_13velocityUnitsE
                0x03805a2c       0x30 c:\Users\AaronL\AppData\Roaming\Code\User\globalStorage\vexrobotics.vexcode\sdk\cpp\V5\V5_20240802_15_00_00/vexv5\libv5rt.a(vex_motor.cpp.obj)
                0x03805a2c                vex::motor::velocity(vex::velocityUnits)
 .text._ZN3vex5motor5valueEv
                0x03805a5c       0x1c c:\Users\AaronL\AppData\Roaming\Code\User\globalStorage\vexrobotics.vexcode\sdk\cpp\V5\V5_20240802_15_00_00/vexv5\libv5rt.a(vex_motor.cpp.obj)
                0x03805a5c                vex::motor::value()
 .text._ZN3vex5motor16scaledToVelocityEdNS_13velocityUnitsE
                0x03805a78       0xa4 c:\Users\AaronL\AppData\Roaming\Code\User\globalStorage\vexrobotics.vexcode\sdk\cpp\V5\V5_20240802_15_00_00/vexv5\libv5rt.a(vex_motor.cpp.obj)
                0x03805a78                vex::motor::scaledToVelocity(double, vex::velocityUnits)
 .text._ZN3vex5motor4spinENS_13directionTypeEdNS_13velocityUnitsE
                0x03805b1c       0x5c c:\Users\AaronL\AppData\Roaming\Code\User\globalStorage\vexrobotics.vexcode\sdk\cpp\V5\V5_20240802_15_00_00/vexv5\libv5rt.a(vex_motor.cpp.obj)
                0x03805b1c                vex::motor::spin(vex::directionType, double, vex::velocityUnits)
 .text._ZN3vex5motor16setRotationUnitsENS_13rotationUnitsE
                0x03805b78       0x1c c:\Users\AaronL\AppData\Roaming\Code\User\globalStorage\vexrobotics.vexcode\sdk\cpp\V5\V5_20240802_15_00_00/vexv5\libv5rt.a(vex_motor.cpp.obj)
                0x03805b78                vex::motor::setRotationUnits(vex::rotationUnits)
 .text._ZN3vex5motor8positionENS_13rotationUnitsE
                0x03805b94       0x44 c:\Users\AaronL\AppData\Roaming\Code\User\globalStorage\vexrobotics.vexcode\sdk\cpp\V5\V5_20240802_15_00_00/vexv5\libv5rt.a(vex_motor.cpp.obj)
                0x03805b94                vex::motor::position(vex::rotationUnits)
 .text._ZN3vex8inertial11getTurnTypeEv
                0x03805bd8        0x8 c:\Users\AaronL\AppData\Roaming\Code\User\globalStorage\vexrobotics.vexcode\sdk\cpp\V5\V5_20240802_15_00_00/vexv5\libv5rt.a(vex_imu.cpp.obj)
                0x03805bd8                vex::inertial::getTurnType()
 .text._ZThn16_N3vex8inertial11getTurnTypeEv
                0x03805be0        0x8 c:\Users\AaronL\AppData\Roaming\Code\User\globalStorage\vexrobotics.vexcode\sdk\cpp\V5\V5_20240802_15_00_00/vexv5\libv5rt.a(vex_imu.cpp.obj)
                0x03805be0                non-virtual thunk to vex::inertial::getTurnType()
 .text._ZN3vex8inertial10setHeadingEdNS_13rotationUnitsE
                0x03805be8       0x58 c:\Users\AaronL\AppData\Roaming\Code\User\globalStorage\vexrobotics.vexcode\sdk\cpp\V5\V5_20240802_15_00_00/vexv5\libv5rt.a(vex_imu.cpp.obj)
                0x03805be8                vex::inertial::setHeading(double, vex::rotationUnits)
 .text._ZThn16_N3vex8inertial10setHeadingEdNS_13rotationUnitsE
                0x03805c40        0x8 c:\Users\AaronL\AppData\Roaming\Code\User\globalStorage\vexrobotics.vexcode\sdk\cpp\V5\V5_20240802_15_00_00/vexv5\libv5rt.a(vex_imu.cpp.obj)
                0x03805c40                non-virtual thunk to vex::inertial::setHeading(double, vex::rotationUnits)
 .text._ZN3vex8inertial11setRotationEdNS_13rotationUnitsE
                0x03805c48       0x58 c:\Users\AaronL\AppData\Roaming\Code\User\globalStorage\vexrobotics.vexcode\sdk\cpp\V5\V5_20240802_15_00_00/vexv5\libv5rt.a(vex_imu.cpp.obj)
                0x03805c48                vex::inertial::setRotation(double, vex::rotationUnits)
 .text._ZThn16_N3vex8inertial11setRotationEdNS_13rotationUnitsE
                0x03805ca0        0x8 c:\Users\AaronL\AppData\Roaming\Code\User\globalStorage\vexrobotics.vexcode\sdk\cpp\V5\V5_20240802_15_00_00/vexv5\libv5rt.a(vex_imu.cpp.obj)
                0x03805ca0                non-virtual thunk to vex::inertial::setRotation(double, vex::rotationUnits)
 .text._ZN3vex8inertialD2Ev
                0x03805ca8       0x20 c:\Users\AaronL\AppData\Roaming\Code\User\globalStorage\vexrobotics.vexcode\sdk\cpp\V5\V5_20240802_15_00_00/vexv5\libv5rt.a(vex_imu.cpp.obj)
                0x03805ca8                vex::inertial::~inertial()
                0x03805ca8                vex::inertial::~inertial()
 .text._ZThn16_N3vex8inertialD1Ev
                0x03805cc8        0x8 c:\Users\AaronL\AppData\Roaming\Code\User\globalStorage\vexrobotics.vexcode\sdk\cpp\V5\V5_20240802_15_00_00/vexv5\libv5rt.a(vex_imu.cpp.obj)
                0x03805cc8                non-virtual thunk to vex::inertial::~inertial()
 .text._ZN3vex8inertialD0Ev
                0x03805cd0       0x1c c:\Users\AaronL\AppData\Roaming\Code\User\globalStorage\vexrobotics.vexcode\sdk\cpp\V5\V5_20240802_15_00_00/vexv5\libv5rt.a(vex_imu.cpp.obj)
                0x03805cd0                vex::inertial::~inertial()
 .text._ZThn16_N3vex8inertialD0Ev
                0x03805cec        0x8 c:\Users\AaronL\AppData\Roaming\Code\User\globalStorage\vexrobotics.vexcode\sdk\cpp\V5\V5_20240802_15_00_00/vexv5\libv5rt.a(vex_imu.cpp.obj)
                0x03805cec                non-virtual thunk to vex::inertial::~inertial()
 .text._ZN3vex8inertial9installedEv
                0x03805cf4       0x18 c:\Users\AaronL\AppData\Roaming\Code\User\globalStorage\vexrobotics.vexcode\sdk\cpp\V5\V5_20240802_15_00_00/vexv5\libv5rt.a(vex_imu.cpp.obj)
                0x03805cf4                vex::inertial::installed()
 .text._ZN3vex8inertial5angleENS_13rotationUnitsE
                0x03805d0c       0x6c c:\Users\AaronL\AppData\Roaming\Code\User\globalStorage\vexrobotics.vexcode\sdk\cpp\V5\V5_20240802_15_00_00/vexv5\libv5rt.a(vex_imu.cpp.obj)
                0x03805d0c                vex::inertial::angle(vex::rotationUnits)
 .text._ZThn16_N3vex8inertial5angleENS_13rotationUnitsE
                0x03805d78        0x8 c:\Users\AaronL\AppData\Roaming\Code\User\globalStorage\vexrobotics.vexcode\sdk\cpp\V5\V5_20240802_15_00_00/vexv5\libv5rt.a(vex_imu.cpp.obj)
                0x03805d78                non-virtual thunk to vex::inertial::angle(vex::rotationUnits)
 .text._ZN3vex8inertial7headingENS_13rotationUnitsE
                0x03805d80        0x4 c:\Users\AaronL\AppData\Roaming\Code\User\globalStorage\vexrobotics.vexcode\sdk\cpp\V5\V5_20240802_15_00_00/vexv5\libv5rt.a(vex_imu.cpp.obj)
                0x03805d80                vex::inertial::heading(vex::rotationUnits)
 .text._ZThn16_N3vex8inertial7headingENS_13rotationUnitsE
                0x03805d84        0x8 c:\Users\AaronL\AppData\Roaming\Code\User\globalStorage\vexrobotics.vexcode\sdk\cpp\V5\V5_20240802_15_00_00/vexv5\libv5rt.a(vex_imu.cpp.obj)
                0x03805d84                non-virtual thunk to vex::inertial::heading(vex::rotationUnits)
 .text._ZN3vex8inertial5valueEv
                0x03805d8c       0x1c c:\Users\AaronL\AppData\Roaming\Code\User\globalStorage\vexrobotics.vexcode\sdk\cpp\V5\V5_20240802_15_00_00/vexv5\libv5rt.a(vex_imu.cpp.obj)
                0x03805d8c                vex::inertial::value()
 .text._ZN3vex8inertial8rotationENS_13rotationUnitsE
                0x03805da8       0x48 c:\Users\AaronL\AppData\Roaming\Code\User\globalStorage\vexrobotics.vexcode\sdk\cpp\V5\V5_20240802_15_00_00/vexv5\libv5rt.a(vex_imu.cpp.obj)
                0x03805da8                vex::inertial::rotation(vex::rotationUnits)
 .text._ZThn16_N3vex8inertial8rotationENS_13rotationUnitsE
                0x03805df0        0x8 c:\Users\AaronL\AppData\Roaming\Code\User\globalStorage\vexrobotics.vexcode\sdk\cpp\V5\V5_20240802_15_00_00/vexv5\libv5rt.a(vex_imu.cpp.obj)
                0x03805df0                non-virtual thunk to vex::inertial::rotation(vex::rotationUnits)
 .text._ZN3vex8inertial13isCalibratingEv
                0x03805df8       0x38 c:\Users\AaronL\AppData\Roaming\Code\User\globalStorage\vexrobotics.vexcode\sdk\cpp\V5\V5_20240802_15_00_00/vexv5\libv5rt.a(vex_imu.cpp.obj)
                0x03805df8                vex::inertial::isCalibrating()
 .text._ZThn16_N3vex8inertial13isCalibratingEv
                0x03805e30        0x8 c:\Users\AaronL\AppData\Roaming\Code\User\globalStorage\vexrobotics.vexcode\sdk\cpp\V5\V5_20240802_15_00_00/vexv5\libv5rt.a(vex_imu.cpp.obj)
                0x03805e30                non-virtual thunk to vex::inertial::isCalibrating()
 .text._ZN3vex8inertialC2ElNS_8turnTypeE
                0x03805e38       0x4c c:\Users\AaronL\AppData\Roaming\Code\User\globalStorage\vexrobotics.vexcode\sdk\cpp\V5\V5_20240802_15_00_00/vexv5\libv5rt.a(vex_imu.cpp.obj)
                0x03805e38                vex::inertial::inertial(long, vex::turnType)
                0x03805e38                vex::inertial::inertial(long, vex::turnType)
 .text._ZN3vex8inertial16startCalibrationEl
                0x03805e84       0x20 c:\Users\AaronL\AppData\Roaming\Code\User\globalStorage\vexrobotics.vexcode\sdk\cpp\V5\V5_20240802_15_00_00/vexv5\libv5rt.a(vex_imu.cpp.obj)
                0x03805e84                vex::inertial::startCalibration(long)
 .text._ZN3vex8inertial9calibrateEl
                0x03805ea4        0xc c:\Users\AaronL\AppData\Roaming\Code\User\globalStorage\vexrobotics.vexcode\sdk\cpp\V5\V5_20240802_15_00_00/vexv5\libv5rt.a(vex_imu.cpp.obj)
                0x03805ea4                vex::inertial::calibrate(long)
                0x03805ea8                non-virtual thunk to vex::inertial::calibrate(long)
 .text._ZN3vex8rotationD2Ev
                0x03805eb0       0x20 c:\Users\AaronL\AppData\Roaming\Code\User\globalStorage\vexrobotics.vexcode\sdk\cpp\V5\V5_20240802_15_00_00/vexv5\libv5rt.a(vex_rotation.cpp.obj)
                0x03805eb0                vex::rotation::~rotation()
                0x03805eb0                vex::rotation::~rotation()
 .text._ZN3vex8rotationD0Ev
                0x03805ed0       0x1c c:\Users\AaronL\AppData\Roaming\Code\User\globalStorage\vexrobotics.vexcode\sdk\cpp\V5\V5_20240802_15_00_00/vexv5\libv5rt.a(vex_rotation.cpp.obj)
                0x03805ed0                vex::rotation::~rotation()
 .text._ZN3vex8rotation9installedEv
                0x03805eec       0x18 c:\Users\AaronL\AppData\Roaming\Code\User\globalStorage\vexrobotics.vexcode\sdk\cpp\V5\V5_20240802_15_00_00/vexv5\libv5rt.a(vex_rotation.cpp.obj)
                0x03805eec                vex::rotation::installed()
 .text._ZN3vex8rotation5valueEv
                0x03805f04        0x8 c:\Users\AaronL\AppData\Roaming\Code\User\globalStorage\vexrobotics.vexcode\sdk\cpp\V5\V5_20240802_15_00_00/vexv5\libv5rt.a(vex_rotation.cpp.obj)
                0x03805f04                vex::rotation::value()
 .text._ZN3vex8rotationC2Elb
                0x03805f0c       0x30 c:\Users\AaronL\AppData\Roaming\Code\User\globalStorage\vexrobotics.vexcode\sdk\cpp\V5\V5_20240802_15_00_00/vexv5\libv5rt.a(vex_rotation.cpp.obj)
                0x03805f0c                vex::rotation::rotation(long, bool)
                0x03805f0c                vex::rotation::rotation(long, bool)
 *fill*         0x03805f3c        0x4 
 .text._ZN3vex8rotation8positionENS_13rotationUnitsE
                0x03805f40       0x50 c:\Users\AaronL\AppData\Roaming\Code\User\globalStorage\vexrobotics.vexcode\sdk\cpp\V5\V5_20240802_15_00_00/vexv5\libv5rt.a(vex_rotation.cpp.obj)
                0x03805f40                vex::rotation::position(vex::rotationUnits)
 .text._ZN3vex10controllerD2Ev
                0x03805f90        0x4 c:\Users\AaronL\AppData\Roaming\Code\User\globalStorage\vexrobotics.vexcode\sdk\cpp\V5\V5_20240802_15_00_00/vexv5\libv5rt.a(vex_controller.cpp.obj)
                0x03805f90                vex::controller::~controller()
                0x03805f90                vex::controller::~controller()
 .text._ZN3vex10controller5valueE19_V5_ControllerIndex
                0x03805f94        0x8 c:\Users\AaronL\AppData\Roaming\Code\User\globalStorage\vexrobotics.vexcode\sdk\cpp\V5\V5_20240802_15_00_00/vexv5\libv5rt.a(vex_controller.cpp.obj)
                0x03805f94                vex::controller::value(_V5_ControllerIndex)
 .text._ZNK3vex10controller6button8pressingEv
                0x03805f9c       0xc8 c:\Users\AaronL\AppData\Roaming\Code\User\globalStorage\vexrobotics.vexcode\sdk\cpp\V5\V5_20240802_15_00_00/vexv5\libv5rt.a(vex_controller.cpp.obj)
                0x03805f9c                vex::controller::button::pressing() const
 .text._ZNK3vex10controller6button21_buttonToPressedEventEv
                0x03806064       0x20 c:\Users\AaronL\AppData\Roaming\Code\User\globalStorage\vexrobotics.vexcode\sdk\cpp\V5\V5_20240802_15_00_00/vexv5\libv5rt.a(vex_controller.cpp.obj)
                0x03806064                vex::controller::button::_buttonToPressedEvent() const
 .text._ZNK3vex10controller6button22_buttonToReleasedEventEv
                0x03806084       0x20 c:\Users\AaronL\AppData\Roaming\Code\User\globalStorage\vexrobotics.vexcode\sdk\cpp\V5\V5_20240802_15_00_00/vexv5\libv5rt.a(vex_controller.cpp.obj)
                0x03806084                vex::controller::button::_buttonToReleasedEvent() const
 .text._ZN3vex10controller6buttonC2ENS0_11tButtonTypeEPS0_
                0x038060a4       0x48 c:\Users\AaronL\AppData\Roaming\Code\User\globalStorage\vexrobotics.vexcode\sdk\cpp\V5\V5_20240802_15_00_00/vexv5\libv5rt.a(vex_controller.cpp.obj)
                0x038060a4                vex::controller::button::button(vex::controller::tButtonType, vex::controller*)
                0x038060a4                vex::controller::button::button(vex::controller::tButtonType, vex::controller*)
 .text._ZNK3vex10controller4axis5valueEv
                0x038060ec       0x58 c:\Users\AaronL\AppData\Roaming\Code\User\globalStorage\vexrobotics.vexcode\sdk\cpp\V5\V5_20240802_15_00_00/vexv5\libv5rt.a(vex_controller.cpp.obj)
                0x038060ec                vex::controller::axis::value() const
 .text._ZNK3vex10controller4axis8positionENS_12percentUnitsE
                0x03806144       0x1c c:\Users\AaronL\AppData\Roaming\Code\User\globalStorage\vexrobotics.vexcode\sdk\cpp\V5\V5_20240802_15_00_00/vexv5\libv5rt.a(vex_controller.cpp.obj)
                0x03806144                vex::controller::axis::position(vex::percentUnits) const
 .text._ZNK3vex10controller4axis23_joystickToChangedEventEv
                0x03806160       0x20 c:\Users\AaronL\AppData\Roaming\Code\User\globalStorage\vexrobotics.vexcode\sdk\cpp\V5\V5_20240802_15_00_00/vexv5\libv5rt.a(vex_controller.cpp.obj)
                0x03806160                vex::controller::axis::_joystickToChangedEvent() const
 .text._ZN3vex10controller4axisC2ENS0_9tAxisTypeEPS0_
                0x03806180       0x2c c:\Users\AaronL\AppData\Roaming\Code\User\globalStorage\vexrobotics.vexcode\sdk\cpp\V5\V5_20240802_15_00_00/vexv5\libv5rt.a(vex_controller.cpp.obj)
                0x03806180                vex::controller::axis::axis(vex::controller::tAxisType, vex::controller*)
                0x03806180                vex::controller::axis::axis(vex::controller::tAxisType, vex::controller*)
 .text._ZN3vex10controllerC2ENS_14controllerTypeE
                0x038061ac      0x16c c:\Users\AaronL\AppData\Roaming\Code\User\globalStorage\vexrobotics.vexcode\sdk\cpp\V5\V5_20240802_15_00_00/vexv5\libv5rt.a(vex_controller.cpp.obj)
                0x038061ac                vex::controller::controller(vex::controllerType)
                0x038061ac                vex::controller::controller(vex::controllerType)
 .text._ZN3vex4taskC2Ev
                0x03806318       0x28 c:\Users\AaronL\AppData\Roaming\Code\User\globalStorage\vexrobotics.vexcode\sdk\cpp\V5\V5_20240802_15_00_00/vexv5\libv5rt.a(vex_task.cpp.obj)
                0x03806318                vex::task::task()
                0x03806318                vex::task::task()
 .text._ZN3vex4taskC2EPFivE
                0x03806340       0x5c c:\Users\AaronL\AppData\Roaming\Code\User\globalStorage\vexrobotics.vexcode\sdk\cpp\V5\V5_20240802_15_00_00/vexv5\libv5rt.a(vex_task.cpp.obj)
                0x03806340                vex::task::task(int (*)())
                0x03806340                vex::task::task(int (*)())
 .text._ZN3vex4taskD2Ev
                0x0380639c        0x4 c:\Users\AaronL\AppData\Roaming\Code\User\globalStorage\vexrobotics.vexcode\sdk\cpp\V5\V5_20240802_15_00_00/vexv5\libv5rt.a(vex_task.cpp.obj)
                0x0380639c                vex::task::~task()
                0x0380639c                vex::task::~task()
 .text._ZN3vex4task4stopEPvi
                0x038063a0       0x1c c:\Users\AaronL\AppData\Roaming\Code\User\globalStorage\vexrobotics.vexcode\sdk\cpp\V5\V5_20240802_15_00_00/vexv5\libv5rt.a(vex_task.cpp.obj)
                0x038063a0                vex::task::stop(void*, int)
 .text._ZN3vex4task5sleepEm
                0x038063bc        0x4 c:\Users\AaronL\AppData\Roaming\Code\User\globalStorage\vexrobotics.vexcode\sdk\cpp\V5\V5_20240802_15_00_00/vexv5\libv5rt.a(vex_task.cpp.obj)
                0x038063bc                vex::task::sleep(unsigned long)
 .text._ZN3vex4task6_indexEPFivE
                0x038063c0       0x14 c:\Users\AaronL\AppData\Roaming\Code\User\globalStorage\vexrobotics.vexcode\sdk\cpp\V5\V5_20240802_15_00_00/vexv5\libv5rt.a(vex_task.cpp.obj)
                0x038063c0                vex::task::_index(int (*)())
 .text._ZN3vex4task8_stopAllEv
                0x038063d4       0x3c c:\Users\AaronL\AppData\Roaming\Code\User\globalStorage\vexrobotics.vexcode\sdk\cpp\V5\V5_20240802_15_00_00/vexv5\libv5rt.a(vex_task.cpp.obj)
                0x038063d4                vex::task::_stopAll()
 .text._ZN3vex11this_thread9sleep_forEm
                0x03806410        0x4 c:\Users\AaronL\AppData\Roaming\Code\User\globalStorage\vexrobotics.vexcode\sdk\cpp\V5\V5_20240802_15_00_00/vexv5\libv5rt.a(vex_thread.cpp.obj)
                0x03806410                vex::this_thread::sleep_for(unsigned long)
 .text._ZN3vex5event4initEmmPFvvE
                0x03806414        0x4 c:\Users\AaronL\AppData\Roaming\Code\User\globalStorage\vexrobotics.vexcode\sdk\cpp\V5\V5_20240802_15_00_00/vexv5\libv5rt.a(vex_event.cpp.obj)
                0x03806414                vex::event::init(unsigned long, unsigned long, void (*)())
 .text._ZN3vex5event4initEmmPFvPvES1_
                0x03806418        0x4 c:\Users\AaronL\AppData\Roaming\Code\User\globalStorage\vexrobotics.vexcode\sdk\cpp\V5\V5_20240802_15_00_00/vexv5\libv5rt.a(vex_event.cpp.obj)
                0x03806418                vex::event::init(unsigned long, unsigned long, void (*)(void*), void*)
 .text._ZN3vex5event9userindexEv
                0x0380641c        0x4 c:\Users\AaronL\AppData\Roaming\Code\User\globalStorage\vexrobotics.vexcode\sdk\cpp\V5\V5_20240802_15_00_00/vexv5\libv5rt.a(vex_event.cpp.obj)
                0x0380641c                vex::event::userindex()
 .text._ZZN3vex6meventC4EmmENUlvE_4_FUNEv
                0x03806420        0x4 c:\Users\AaronL\AppData\Roaming\Code\User\globalStorage\vexrobotics.vexcode\sdk\cpp\V5\V5_20240802_15_00_00/vexv5\libv5rt.a(vex_mevent.cpp.obj)
 .text._ZN3vex6meventC2Emm
                0x03806424       0x70 c:\Users\AaronL\AppData\Roaming\Code\User\globalStorage\vexrobotics.vexcode\sdk\cpp\V5\V5_20240802_15_00_00/vexv5\libv5rt.a(vex_mevent.cpp.obj)
                0x03806424                vex::mevent::mevent(unsigned long, unsigned long)
                0x03806424                vex::mevent::mevent(unsigned long, unsigned long)
 .text._ZN3vex5brain9_getIndexEv
                0x03806494       0x10 c:\Users\AaronL\AppData\Roaming\Code\User\globalStorage\vexrobotics.vexcode\sdk\cpp\V5\V5_20240802_15_00_00/vexv5\libv5rt.a(vex_brain.cpp.obj)
                0x03806494                vex::brain::_getIndex()
 .text._ZN3vex5brain3lcd9setCursorEll
                0x038064a4       0x44 c:\Users\AaronL\AppData\Roaming\Code\User\globalStorage\vexrobotics.vexcode\sdk\cpp\V5\V5_20240802_15_00_00/vexv5\libv5rt.a(vex_brain.cpp.obj)
                0x038064a4                vex::brain::lcd::setCursor(long, long)
 .text._ZN3vex5brain3lcd7setFontENS_8fontTypeE
                0x038064e8      0x23c c:\Users\AaronL\AppData\Roaming\Code\User\globalStorage\vexrobotics.vexcode\sdk\cpp\V5\V5_20240802_15_00_00/vexv5\libv5rt.a(vex_brain.cpp.obj)
                0x038064e8                vex::brain::lcd::setFont(vex::fontType)
 .text._ZN3vex5brain3lcdC2Ev
                0x03806724       0x94 c:\Users\AaronL\AppData\Roaming\Code\User\globalStorage\vexrobotics.vexcode\sdk\cpp\V5\V5_20240802_15_00_00/vexv5\libv5rt.a(vex_brain.cpp.obj)
                0x03806724                vex::brain::lcd::lcd()
                0x03806724                vex::brain::lcd::lcd()
 .text._ZN3vex5brainC2Ev
                0x038067b8       0x3c c:\Users\AaronL\AppData\Roaming\Code\User\globalStorage\vexrobotics.vexcode\sdk\cpp\V5\V5_20240802_15_00_00/vexv5\libv5rt.a(vex_brain.cpp.obj)
                0x038067b8                vex::brain::brain()
                0x038067b8                vex::brain::brain()
 .text._ZN3vex5brain3lcd7printAtEllPKcz
                0x038067f4       0x54 c:\Users\AaronL\AppData\Roaming\Code\User\globalStorage\vexrobotics.vexcode\sdk\cpp\V5\V5_20240802_15_00_00/vexv5\libv5rt.a(vex_brain.cpp.obj)
                0x038067f4                vex::brain::lcd::printAt(long, long, char const*, ...)
 .text._ZN3vex5brain3lcd12_clearScreenEm
                0x03806848       0x38 c:\Users\AaronL\AppData\Roaming\Code\User\globalStorage\vexrobotics.vexcode\sdk\cpp\V5\V5_20240802_15_00_00/vexv5\libv5rt.a(vex_brain.cpp.obj)
                0x03806848                vex::brain::lcd::_clearScreen(unsigned long)
 .text._ZN3vex5brain3lcd11clearScreenERKNS_5colorE
                0x03806880       0x20 c:\Users\AaronL\AppData\Roaming\Code\User\globalStorage\vexrobotics.vexcode\sdk\cpp\V5\V5_20240802_15_00_00/vexv5\libv5rt.a(vex_brain.cpp.obj)
                0x03806880                vex::brain::lcd::clearScreen(vex::color const&)
 .text._ZN3vex5brain3lcd11clearScreenEv
                0x038068a0       0x2c c:\Users\AaronL\AppData\Roaming\Code\User\globalStorage\vexrobotics.vexcode\sdk\cpp\V5\V5_20240802_15_00_00/vexv5\libv5rt.a(vex_brain.cpp.obj)
                0x038068a0                vex::brain::lcd::clearScreen()
 .text._ZN3vex5brain3lcd8pressingEv
                0x038068cc       0x20 c:\Users\AaronL\AppData\Roaming\Code\User\globalStorage\vexrobotics.vexcode\sdk\cpp\V5\V5_20240802_15_00_00/vexv5\libv5rt.a(vex_brain.cpp.obj)
                0x038068cc                vex::brain::lcd::pressing()
 .text._ZN3vex5brain3lcd10rowToPixelEl
                0x038068ec       0x34 c:\Users\AaronL\AppData\Roaming\Code\User\globalStorage\vexrobotics.vexcode\sdk\cpp\V5\V5_20240802_15_00_00/vexv5\libv5rt.a(vex_brain.cpp.obj)
                0x038068ec                vex::brain::lcd::rowToPixel(long)
 .text._ZN3vex5brain3lcd5printEPKcz
                0x03806920       0xb8 c:\Users\AaronL\AppData\Roaming\Code\User\globalStorage\vexrobotics.vexcode\sdk\cpp\V5\V5_20240802_15_00_00/vexv5\libv5rt.a(vex_brain.cpp.obj)
                0x03806920                vex::brain::lcd::print(char const*, ...)
 .text._ZN3vex5brain7battery8capacityENS_12percentUnitsE
                0x038069d8       0x18 c:\Users\AaronL\AppData\Roaming\Code\User\globalStorage\vexrobotics.vexcode\sdk\cpp\V5\V5_20240802_15_00_00/vexv5\libv5rt.a(vex_brain.cpp.obj)
                0x038069d8                vex::brain::battery::capacity(vex::percentUnits)
 .text._ZN3vex5brainD2Ev
                0x038069f0       0x20 c:\Users\AaronL\AppData\Roaming\Code\User\globalStorage\vexrobotics.vexcode\sdk\cpp\V5\V5_20240802_15_00_00/vexv5\libv5rt.a(vex_brain.cpp.obj)
                0x038069f0                vex::brain::~brain()
                0x038069f0                vex::brain::~brain()
 .text._ZN3vex11competition8_disableEPv
                0x03806a10       0xa4 c:\Users\AaronL\AppData\Roaming\Code\User\globalStorage\vexrobotics.vexcode\sdk\cpp\V5\V5_20240802_15_00_00/vexv5\libv5rt.a(vex_competition.cpp.obj)
                0x03806a10                vex::competition::_disable(void*)
 .text._ZN3vex11competition11_autonomousEv
                0x03806ab4       0x80 c:\Users\AaronL\AppData\Roaming\Code\User\globalStorage\vexrobotics.vexcode\sdk\cpp\V5\V5_20240802_15_00_00/vexv5\libv5rt.a(vex_competition.cpp.obj)
                0x03806ab4                vex::competition::_autonomous()
 .text._ZN3vex11competition14_drivercontrolEv
                0x03806b34       0x80 c:\Users\AaronL\AppData\Roaming\Code\User\globalStorage\vexrobotics.vexcode\sdk\cpp\V5\V5_20240802_15_00_00/vexv5\libv5rt.a(vex_competition.cpp.obj)
                0x03806b34                vex::competition::_drivercontrol()
 .text._ZN3vex11competitionC2Ev
                0x03806bb4      0x13c c:\Users\AaronL\AppData\Roaming\Code\User\globalStorage\vexrobotics.vexcode\sdk\cpp\V5\V5_20240802_15_00_00/vexv5\libv5rt.a(vex_competition.cpp.obj)
                0x03806bb4                vex::competition::competition()
                0x03806bb4                vex::competition::competition()
 .text._ZN3vex11competitionD2Ev
                0x03806cf0        0x4 c:\Users\AaronL\AppData\Roaming\Code\User\globalStorage\vexrobotics.vexcode\sdk\cpp\V5\V5_20240802_15_00_00/vexv5\libv5rt.a(vex_competition.cpp.obj)
                0x03806cf0                vex::competition::~competition()
                0x03806cf0                vex::competition::~competition()
 .text._ZN3vex11competition10autonomousEPFvvE
                0x03806cf4       0x44 c:\Users\AaronL\AppData\Roaming\Code\User\globalStorage\vexrobotics.vexcode\sdk\cpp\V5\V5_20240802_15_00_00/vexv5\libv5rt.a(vex_competition.cpp.obj)
                0x03806cf4                vex::competition::autonomous(void (*)())
 .text._ZN3vex11competition13drivercontrolEPFvvE
                0x03806d38       0x44 c:\Users\AaronL\AppData\Roaming\Code\User\globalStorage\vexrobotics.vexcode\sdk\cpp\V5\V5_20240802_15_00_00/vexv5\libv5rt.a(vex_competition.cpp.obj)
                0x03806d38                vex::competition::drivercontrol(void (*)())
 .text._ZN3vex7triportD2Ev
                0x03806d7c       0x38 c:\Users\AaronL\AppData\Roaming\Code\User\globalStorage\vexrobotics.vexcode\sdk\cpp\V5\V5_20240802_15_00_00/vexv5\libv5rt.a(vex_triport.cpp.obj)
                0x03806d7c                vex::triport::~triport()
                0x03806d7c                vex::triport::~triport()
 .text._ZN3vex7triportD0Ev
                0x03806db4       0x1c c:\Users\AaronL\AppData\Roaming\Code\User\globalStorage\vexrobotics.vexcode\sdk\cpp\V5\V5_20240802_15_00_00/vexv5\libv5rt.a(vex_triport.cpp.obj)
                0x03806db4                vex::triport::~triport()
 .text._ZN3vex7triport9installedEv
                0x03806dd0       0x18 c:\Users\AaronL\AppData\Roaming\Code\User\globalStorage\vexrobotics.vexcode\sdk\cpp\V5\V5_20240802_15_00_00/vexv5\libv5rt.a(vex_triport.cpp.obj)
                0x03806dd0                vex::triport::installed()
 .text._ZN3vex7triport4portC2ElPS0_
                0x03806de8       0x74 c:\Users\AaronL\AppData\Roaming\Code\User\globalStorage\vexrobotics.vexcode\sdk\cpp\V5\V5_20240802_15_00_00/vexv5\libv5rt.a(vex_triport.cpp.obj)
                0x03806de8                vex::triport::port::port(long, vex::triport*)
                0x03806de8                vex::triport::port::port(long, vex::triport*)
 .text._ZN3vex7triportC2El
                0x03806e5c       0xf0 c:\Users\AaronL\AppData\Roaming\Code\User\globalStorage\vexrobotics.vexcode\sdk\cpp\V5\V5_20240802_15_00_00/vexv5\libv5rt.a(vex_triport.cpp.obj)
                0x03806e5c                vex::triport::triport(long)
                0x03806e5c                vex::triport::triport(long)
 .text._ZN3vex7triport4port4typeENS_11triportTypeE
                0x03806f4c       0x30 c:\Users\AaronL\AppData\Roaming\Code\User\globalStorage\vexrobotics.vexcode\sdk\cpp\V5\V5_20240802_15_00_00/vexv5\libv5rt.a(vex_triport.cpp.obj)
                0x03806f4c                vex::triport::port::type(vex::triportType)
 .text._ZN3vex7triport4port4typeEv
                0x03806f7c       0x38 c:\Users\AaronL\AppData\Roaming\Code\User\globalStorage\vexrobotics.vexcode\sdk\cpp\V5\V5_20240802_15_00_00/vexv5\libv5rt.a(vex_triport.cpp.obj)
                0x03806f7c                vex::triport::port::type()
 .text._ZN3vex7triport4port5valueEv
                0x03806fb4       0x14 c:\Users\AaronL\AppData\Roaming\Code\User\globalStorage\vexrobotics.vexcode\sdk\cpp\V5\V5_20240802_15_00_00/vexv5\libv5rt.a(vex_triport.cpp.obj)
                0x03806fb4                vex::triport::port::value()
 .text._ZN3vex7triport4port5valueEl
                0x03806fc8       0x18 c:\Users\AaronL\AppData\Roaming\Code\User\globalStorage\vexrobotics.vexcode\sdk\cpp\V5\V5_20240802_15_00_00/vexv5\libv5rt.a(vex_triport.cpp.obj)
                0x03806fc8                vex::triport::port::value(long)
 .text._ZN3vex7triport4port8rotationENS_13rotationUnitsE
                0x03806fe0       0x40 c:\Users\AaronL\AppData\Roaming\Code\User\globalStorage\vexrobotics.vexcode\sdk\cpp\V5\V5_20240802_15_00_00/vexv5\libv5rt.a(vex_triport.cpp.obj)
                0x03806fe0                vex::triport::port::rotation(vex::rotationUnits)
 .text._ZN3vex11__trideviceC2ERNS_7triport4portENS_11triportTypeE
                0x03807020       0x5c c:\Users\AaronL\AppData\Roaming\Code\User\globalStorage\vexrobotics.vexcode\sdk\cpp\V5\V5_20240802_15_00_00/vexv5\libv5rt.a(vex_triport.cpp.obj)
                0x03807020                vex::__tridevice::__tridevice(vex::triport::port&, vex::triportType)
                0x03807020                vex::__tridevice::__tridevice(vex::triport::port&, vex::triportType)
 .text._ZN3vex11digital_outC2ERNS_7triport4portE
                0x0380707c       0x18 c:\Users\AaronL\AppData\Roaming\Code\User\globalStorage\vexrobotics.vexcode\sdk\cpp\V5\V5_20240802_15_00_00/vexv5\libv5rt.a(vex_triport.cpp.obj)
                0x0380707c                vex::digital_out::digital_out(vex::triport::port&)
                0x0380707c                vex::digital_out::digital_out(vex::triport::port&)
 .text._ZN3vex11digital_outD2Ev
                0x03807094        0x4 c:\Users\AaronL\AppData\Roaming\Code\User\globalStorage\vexrobotics.vexcode\sdk\cpp\V5\V5_20240802_15_00_00/vexv5\libv5rt.a(vex_triport.cpp.obj)
                0x03807094                vex::digital_out::~digital_out()
                0x03807094                vex::digital_out::~digital_out()
 .text._ZN3vex11digital_out3setEb
                0x03807098        0x8 c:\Users\AaronL\AppData\Roaming\Code\User\globalStorage\vexrobotics.vexcode\sdk\cpp\V5\V5_20240802_15_00_00/vexv5\libv5rt.a(vex_triport.cpp.obj)
                0x03807098                vex::digital_out::set(bool)
 .text._ZN3vex7encoderC2ERNS_7triport4portE
                0x038070a0       0x20 c:\Users\AaronL\AppData\Roaming\Code\User\globalStorage\vexrobotics.vexcode\sdk\cpp\V5\V5_20240802_15_00_00/vexv5\libv5rt.a(vex_triport.cpp.obj)
                0x038070a0                vex::encoder::encoder(vex::triport::port&)
                0x038070a0                vex::encoder::encoder(vex::triport::port&)
 .text._ZN3vex7encoderD2Ev
                0x038070c0        0x4 c:\Users\AaronL\AppData\Roaming\Code\User\globalStorage\vexrobotics.vexcode\sdk\cpp\V5\V5_20240802_15_00_00/vexv5\libv5rt.a(vex_triport.cpp.obj)
                0x038070c0                vex::encoder::~encoder()
                0x038070c0                vex::encoder::~encoder()
 .text._ZN3vex7encoder8positionENS_13rotationUnitsE
                0x038070c4        0x8 c:\Users\AaronL\AppData\Roaming\Code\User\globalStorage\vexrobotics.vexcode\sdk\cpp\V5\V5_20240802_15_00_00/vexv5\libv5rt.a(vex_triport.cpp.obj)
                0x038070c4                vex::encoder::position(vex::rotationUnits)
 .text._ZN3vex5colorD2Ev
                0x038070cc        0x4 c:\Users\AaronL\AppData\Roaming\Code\User\globalStorage\vexrobotics.vexcode\sdk\cpp\V5\V5_20240802_15_00_00/vexv5\libv5rt.a(vex_color.cpp.obj)
                0x038070cc                vex::color::~color()
                0x038070cc                vex::color::~color()
 .text._ZNK3vex5colorcvmEv
                0x038070d0        0x8 c:\Users\AaronL\AppData\Roaming\Code\User\globalStorage\vexrobotics.vexcode\sdk\cpp\V5\V5_20240802_15_00_00/vexv5\libv5rt.a(vex_color.cpp.obj)
                0x038070d0                vex::color::operator unsigned long() const
 .text.startup._GLOBAL__sub_I__ZN3vex5color5blackE
                0x038070d8      0x164 c:\Users\AaronL\AppData\Roaming\Code\User\globalStorage\vexrobotics.vexcode\sdk\cpp\V5\V5_20240802_15_00_00/vexv5\libv5rt.a(vex_color.cpp.obj)
 .text._ZN3vex5timerD2Ev
                0x0380723c        0x4 c:\Users\AaronL\AppData\Roaming\Code\User\globalStorage\vexrobotics.vexcode\sdk\cpp\V5\V5_20240802_15_00_00/vexv5\libv5rt.a(vex_timer.cpp.obj)
                0x0380723c                vex::timer::~timer()
                0x0380723c                vex::timer::~timer()
 .text._ZN3vex5timer5clearEv
                0x03807240       0x1c c:\Users\AaronL\AppData\Roaming\Code\User\globalStorage\vexrobotics.vexcode\sdk\cpp\V5\V5_20240802_15_00_00/vexv5\libv5rt.a(vex_timer.cpp.obj)
                0x03807240                vex::timer::clear()
 .text._ZN3vex5timerC2Ev
                0x0380725c       0x14 c:\Users\AaronL\AppData\Roaming\Code\User\globalStorage\vexrobotics.vexcode\sdk\cpp\V5\V5_20240802_15_00_00/vexv5\libv5rt.a(vex_timer.cpp.obj)
                0x0380725c                vex::timer::timer()
                0x0380725c                vex::timer::timer()
 .text._ZN3vex11motor_group18motor_group_motorsC2Ev
                0x03807270       0x28 c:\Users\AaronL\AppData\Roaming\Code\User\globalStorage\vexrobotics.vexcode\sdk\cpp\V5\V5_20240802_15_00_00/vexv5\libv5rt.a(vex_motorgroup.cpp.obj)
                0x03807270                vex::motor_group::motor_group_motors::motor_group_motors()
                0x03807270                vex::motor_group::motor_group_motors::motor_group_motors()
 .text._ZN3vex11motor_group18motor_group_motorsC2ERKS1_
                0x03807298       0x20 c:\Users\AaronL\AppData\Roaming\Code\User\globalStorage\vexrobotics.vexcode\sdk\cpp\V5\V5_20240802_15_00_00/vexv5\libv5rt.a(vex_motorgroup.cpp.obj)
                0x03807298                vex::motor_group::motor_group_motors::motor_group_motors(vex::motor_group::motor_group_motors const&)
                0x03807298                vex::motor_group::motor_group_motors::motor_group_motors(vex::motor_group::motor_group_motors const&)
 .text._ZN3vex11motor_groupC2Ev
                0x038072b8       0x1c c:\Users\AaronL\AppData\Roaming\Code\User\globalStorage\vexrobotics.vexcode\sdk\cpp\V5\V5_20240802_15_00_00/vexv5\libv5rt.a(vex_motorgroup.cpp.obj)
                0x038072b8                vex::motor_group::motor_group()
                0x038072b8                vex::motor_group::motor_group()
 .text._ZN3vex11motor_groupD2Ev
                0x038072d4        0x4 c:\Users\AaronL\AppData\Roaming\Code\User\globalStorage\vexrobotics.vexcode\sdk\cpp\V5\V5_20240802_15_00_00/vexv5\libv5rt.a(vex_motorgroup.cpp.obj)
                0x038072d4                vex::motor_group::~motor_group()
                0x038072d4                vex::motor_group::~motor_group()
 .text._ZN3vex11motor_group9_addMotorERNS_5motorE
                0x038072d8       0x20 c:\Users\AaronL\AppData\Roaming\Code\User\globalStorage\vexrobotics.vexcode\sdk\cpp\V5\V5_20240802_15_00_00/vexv5\libv5rt.a(vex_motorgroup.cpp.obj)
                0x038072d8                vex::motor_group::_addMotor(vex::motor&)
 .text._ZN3vex11motor_group4spinENS_13directionTypeEdNS_12voltageUnitsE
                0x038072f8       0x54 c:\Users\AaronL\AppData\Roaming\Code\User\globalStorage\vexrobotics.vexcode\sdk\cpp\V5\V5_20240802_15_00_00/vexv5\libv5rt.a(vex_motorgroup.cpp.obj)
                0x038072f8                vex::motor_group::spin(vex::directionType, double, vex::voltageUnits)
 .text._ZN3vex11motor_group4stopENS_9brakeTypeE
                0x0380734c       0x38 c:\Users\AaronL\AppData\Roaming\Code\User\globalStorage\vexrobotics.vexcode\sdk\cpp\V5\V5_20240802_15_00_00/vexv5\libv5rt.a(vex_motorgroup.cpp.obj)
                0x0380734c                vex::motor_group::stop(vex::brakeType)
 .text._ZN3vex11motor_group8positionENS_13rotationUnitsE
                0x03807384        0xc c:\Users\AaronL\AppData\Roaming\Code\User\globalStorage\vexrobotics.vexcode\sdk\cpp\V5\V5_20240802_15_00_00/vexv5\libv5rt.a(vex_motorgroup.cpp.obj)
                0x03807384                vex::motor_group::position(vex::rotationUnits)
 .text.vexAdiPortConfigSet
                0x03807390       0x28 c:\Users\AaronL\AppData\Roaming\Code\User\globalStorage\vexrobotics.vexcode\sdk\cpp\V5\V5_20240802_15_00_00/vexv5\libv5rt.a(v5_apiuser.c.obj)
                0x03807390                vexAdiPortConfigSet
 .text.vexAdiPortConfigGet
                0x038073b8       0x28 c:\Users\AaronL\AppData\Roaming\Code\User\globalStorage\vexrobotics.vexcode\sdk\cpp\V5\V5_20240802_15_00_00/vexv5\libv5rt.a(v5_apiuser.c.obj)
                0x038073b8                vexAdiPortConfigGet
 .text.vexAdiValueSet
                0x038073e0       0x28 c:\Users\AaronL\AppData\Roaming\Code\User\globalStorage\vexrobotics.vexcode\sdk\cpp\V5\V5_20240802_15_00_00/vexv5\libv5rt.a(v5_apiuser.c.obj)
                0x038073e0                vexAdiValueSet
 .text.vexAdiValueGet
                0x03807408       0x20 c:\Users\AaronL\AppData\Roaming\Code\User\globalStorage\vexrobotics.vexcode\sdk\cpp\V5\V5_20240802_15_00_00/vexv5\libv5rt.a(v5_apiuser.c.obj)
                0x03807408                vexAdiValueGet
 .text.vexMotorVelocitySet
                0x03807428       0x20 c:\Users\AaronL\AppData\Roaming\Code\User\globalStorage\vexrobotics.vexcode\sdk\cpp\V5\V5_20240802_15_00_00/vexv5\libv5rt.a(v5_apiuser.c.obj)
                0x03807428                vexMotorVelocitySet
 .text.vexMotorVoltageSet
                0x03807448       0x20 c:\Users\AaronL\AppData\Roaming\Code\User\globalStorage\vexrobotics.vexcode\sdk\cpp\V5\V5_20240802_15_00_00/vexv5\libv5rt.a(v5_apiuser.c.obj)
                0x03807448                vexMotorVoltageSet
 .text.vexMotorActualVelocityGet
                0x03807468       0x24 c:\Users\AaronL\AppData\Roaming\Code\User\globalStorage\vexrobotics.vexcode\sdk\cpp\V5\V5_20240802_15_00_00/vexv5\libv5rt.a(v5_apiuser.c.obj)
                0x03807468                vexMotorActualVelocityGet
 .text.vexMotorReverseFlagSet
                0x0380748c       0x20 c:\Users\AaronL\AppData\Roaming\Code\User\globalStorage\vexrobotics.vexcode\sdk\cpp\V5\V5_20240802_15_00_00/vexv5\libv5rt.a(v5_apiuser.c.obj)
                0x0380748c                vexMotorReverseFlagSet
 .text.vexMotorEncoderUnitsSet
                0x038074ac       0x20 c:\Users\AaronL\AppData\Roaming\Code\User\globalStorage\vexrobotics.vexcode\sdk\cpp\V5\V5_20240802_15_00_00/vexv5\libv5rt.a(v5_apiuser.c.obj)
                0x038074ac                vexMotorEncoderUnitsSet
 .text.vexMotorBrakeModeSet
                0x038074cc       0x20 c:\Users\AaronL\AppData\Roaming\Code\User\globalStorage\vexrobotics.vexcode\sdk\cpp\V5\V5_20240802_15_00_00/vexv5\libv5rt.a(v5_apiuser.c.obj)
                0x038074cc                vexMotorBrakeModeSet
 .text.vexMotorPositionSet
                0x038074ec       0x28 c:\Users\AaronL\AppData\Roaming\Code\User\globalStorage\vexrobotics.vexcode\sdk\cpp\V5\V5_20240802_15_00_00/vexv5\libv5rt.a(v5_apiuser.c.obj)
                0x038074ec                vexMotorPositionSet
 .text.vexMotorPositionGet
                0x03807514       0x24 c:\Users\AaronL\AppData\Roaming\Code\User\globalStorage\vexrobotics.vexcode\sdk\cpp\V5\V5_20240802_15_00_00/vexv5\libv5rt.a(v5_apiuser.c.obj)
                0x03807514                vexMotorPositionGet
 .text.vexMotorGearingSet
                0x03807538       0x20 c:\Users\AaronL\AppData\Roaming\Code\User\globalStorage\vexrobotics.vexcode\sdk\cpp\V5\V5_20240802_15_00_00/vexv5\libv5rt.a(v5_apiuser.c.obj)
                0x03807538                vexMotorGearingSet
 .text.vexMotorGearingGet
                0x03807558       0x18 c:\Users\AaronL\AppData\Roaming\Code\User\globalStorage\vexrobotics.vexcode\sdk\cpp\V5\V5_20240802_15_00_00/vexv5\libv5rt.a(v5_apiuser.c.obj)
                0x03807558                vexMotorGearingGet
 .text.vexImuReset
                0x03807570       0x10 c:\Users\AaronL\AppData\Roaming\Code\User\globalStorage\vexrobotics.vexcode\sdk\cpp\V5\V5_20240802_15_00_00/vexv5\libv5rt.a(v5_apiuser.c.obj)
                0x03807570                vexImuReset
 .text.vexImuHeadingGet
                0x03807580       0x10 c:\Users\AaronL\AppData\Roaming\Code\User\globalStorage\vexrobotics.vexcode\sdk\cpp\V5\V5_20240802_15_00_00/vexv5\libv5rt.a(v5_apiuser.c.obj)
                0x03807580                vexImuHeadingGet
 .text.vexImuDegreesGet
                0x03807590       0x10 c:\Users\AaronL\AppData\Roaming\Code\User\globalStorage\vexrobotics.vexcode\sdk\cpp\V5\V5_20240802_15_00_00/vexv5\libv5rt.a(v5_apiuser.c.obj)
                0x03807590                vexImuDegreesGet
 .text.vexImuStatusGet
                0x038075a0       0x10 c:\Users\AaronL\AppData\Roaming\Code\User\globalStorage\vexrobotics.vexcode\sdk\cpp\V5\V5_20240802_15_00_00/vexv5\libv5rt.a(v5_apiuser.c.obj)
                0x038075a0                vexImuStatusGet
 .text.vexAbsEncPositionGet
                0x038075b0       0x10 c:\Users\AaronL\AppData\Roaming\Code\User\globalStorage\vexrobotics.vexcode\sdk\cpp\V5\V5_20240802_15_00_00/vexv5\libv5rt.a(v5_apiuser.c.obj)
                0x038075b0                vexAbsEncPositionGet
 .text.vexAbsEncAngleGet
                0x038075c0       0x10 c:\Users\AaronL\AppData\Roaming\Code\User\globalStorage\vexrobotics.vexcode\sdk\cpp\V5\V5_20240802_15_00_00/vexv5\libv5rt.a(v5_apiuser.c.obj)
                0x038075c0                vexAbsEncAngleGet
 .text.vexAbsEncReverseFlagSet
                0x038075d0       0x18 c:\Users\AaronL\AppData\Roaming\Code\User\globalStorage\vexrobotics.vexcode\sdk\cpp\V5\V5_20240802_15_00_00/vexv5\libv5rt.a(v5_apiuser.c.obj)
                0x038075d0                vexAbsEncReverseFlagSet
 .text.vexEventMaskSet
                0x038075e8       0x28 c:\Users\AaronL\AppData\Roaming\Code\User\globalStorage\vexrobotics.vexcode\sdk\cpp\V5\V5_20240802_15_00_00/vexv5\libv5rt.a(v5_apiuser.c.obj)
                0x038075e8                vexEventMaskSet
 .text.vexEventMaskGet
                0x03807610       0x18 c:\Users\AaronL\AppData\Roaming\Code\User\globalStorage\vexrobotics.vexcode\sdk\cpp\V5\V5_20240802_15_00_00/vexv5\libv5rt.a(v5_apiuser.c.obj)
                0x03807610                vexEventMaskGet
 .text._ZN3vex6deviceD2Ev
                0x03807628        0x4 c:\Users\AaronL\AppData\Roaming\Code\User\globalStorage\vexrobotics.vexcode\sdk\cpp\V5\V5_20240802_15_00_00/vexv5\libv5rt.a(vex_device.cpp.obj)
                0x03807628                vex::device::~device()
                0x03807628                vex::device::~device()
 .text._ZN3vex6device5valueEv
                0x0380762c        0x8 c:\Users\AaronL\AppData\Roaming\Code\User\globalStorage\vexrobotics.vexcode\sdk\cpp\V5\V5_20240802_15_00_00/vexv5\libv5rt.a(vex_device.cpp.obj)
                0x0380762c                vex::device::value()
 .text._ZN3vex6deviceD0Ev
                0x03807634       0x14 c:\Users\AaronL\AppData\Roaming\Code\User\globalStorage\vexrobotics.vexcode\sdk\cpp\V5\V5_20240802_15_00_00/vexv5\libv5rt.a(vex_device.cpp.obj)
                0x03807634                vex::device::~device()
 .text._ZN3vex6device4initEl
                0x03807648       0x30 c:\Users\AaronL\AppData\Roaming\Code\User\globalStorage\vexrobotics.vexcode\sdk\cpp\V5\V5_20240802_15_00_00/vexv5\libv5rt.a(vex_device.cpp.obj)
                0x03807648                vex::device::init(long)
 .text._ZN3vex6deviceC2El
                0x03807678       0x20 c:\Users\AaronL\AppData\Roaming\Code\User\globalStorage\vexrobotics.vexcode\sdk\cpp\V5\V5_20240802_15_00_00/vexv5\libv5rt.a(vex_device.cpp.obj)
                0x03807678                vex::device::device(long)
                0x03807678                vex::device::device(long)
 .text._ZN3vex6device4typeEv
                0x03807698       0x10 c:\Users\AaronL\AppData\Roaming\Code\User\globalStorage\vexrobotics.vexcode\sdk\cpp\V5\V5_20240802_15_00_00/vexv5\libv5rt.a(vex_device.cpp.obj)
                0x03807698                vex::device::type()
 .text._ZN3vex6device9installedEv
                0x038076a8       0x14 c:\Users\AaronL\AppData\Roaming\Code\User\globalStorage\vexrobotics.vexcode\sdk\cpp\V5\V5_20240802_15_00_00/vexv5\libv5rt.a(vex_device.cpp.obj)
                0x038076a8                vex::device::installed()
 .text.__libc_fini_array
                0x038076bc       0x30 c:\Users\AaronL\AppData\Roaming\Code\User\globalStorage\vexrobotics.vexcode\sdk\cpp\V5\V5_20240802_15_00_00/vexv5/gcc/libs\libc.a(lib_a-fini.o)
                0x038076bc                __libc_fini_array
 .text.__libc_init_array
                0x038076ec       0x58 c:\Users\AaronL\AppData\Roaming\Code\User\globalStorage\vexrobotics.vexcode\sdk\cpp\V5\V5_20240802_15_00_00/vexv5/gcc/libs\libc.a(lib_a-init.o)
                0x038076ec                __libc_init_array
 .text.hypot    0x03807744       0xb4 c:\Users\AaronL\AppData\Roaming\Code\User\globalStorage\vexrobotics.vexcode\sdk\cpp\V5\V5_20240802_15_00_00/vexv5/gcc/libs\libm.a(lib_a-w_hypot.o)
                0x03807744                hypot
 .text.__ieee754_hypot
                0x038077f8      0x198 c:\Users\AaronL\AppData\Roaming\Code\User\globalStorage\vexrobotics.vexcode\sdk\cpp\V5\V5_20240802_15_00_00/vexv5/gcc/libs\libm.a(lib_a-e_hypot.o)
                0x038077f8                __ieee754_hypot
 .text.__ieee754_hypot.__stub
                0x03807990       0x18 linker stubs
 *(.gnu.linkonce.t.*)
 *(.plt)
 *(.gnu_warning)
 *(.gcc_except_table)
 *(.glue_7)
 .glue_7        0x00000000        0x0 linker stubs
 *(.glue_7t)
 .glue_7t       0x00000000        0x0 linker stubs
 *(.vfp11_veneer)
 .vfp11_veneer  0x00000000        0x0 linker stubs
 *(.ARM.extab)
 *(.gnu.linkonce.armextab.*)

.v4_bx          0x038079a8        0x0
 .v4_bx         0x00000000        0x0 linker stubs

.iplt           0x038079a8        0x0
 .iplt          0x00000000        0x0 build/src/main.o

.init
 *(.init)

.fini
 *(.fini)

.rodata         0x038079a8      0x324
                0x038079a8                __rodata_start = .
 *(.rodata)
 *(.rodata.*)
 .rodata.str1.1
                0x038079a8      0x139 build/src/main.o
 .rodata.str1.1
                0x03807ae1       0x2e c:\Users\AaronL\AppData\Roaming\Code\User\globalStorage\vexrobotics.vexcode\sdk\cpp\V5\V5_20240802_15_00_00/vexv5\libv5rt.a(v5_startup.c.obj)
 *fill*         0x03807b0f        0x1 
 .rodata._ZN3vex3fwdE
                0x03807b10        0x4 c:\Users\AaronL\AppData\Roaming\Code\User\globalStorage\vexrobotics.vexcode\sdk\cpp\V5\V5_20240802_15_00_00/vexv5\libv5rt.a(vex_global.cpp.obj)
                0x03807b10                vex::fwd
 .rodata._ZN3vex5PORT3E
                0x03807b14        0x4 c:\Users\AaronL\AppData\Roaming\Code\User\globalStorage\vexrobotics.vexcode\sdk\cpp\V5\V5_20240802_15_00_00/vexv5\libv5rt.a(vex_global.cpp.obj)
                0x03807b14                vex::PORT3
 .rodata._ZN3vex5PORT1E
                0x03807b18        0x4 c:\Users\AaronL\AppData\Roaming\Code\User\globalStorage\vexrobotics.vexcode\sdk\cpp\V5\V5_20240802_15_00_00/vexv5\libv5rt.a(vex_global.cpp.obj)
                0x03807b18                vex::PORT1
 .rodata._ZN3vex7reverseE
                0x03807b1c        0x4 c:\Users\AaronL\AppData\Roaming\Code\User\globalStorage\vexrobotics.vexcode\sdk\cpp\V5\V5_20240802_15_00_00/vexv5\libv5rt.a(vex_global.cpp.obj)
                0x03807b1c                vex::reverse
 .rodata._ZN3vex4voltE
                0x03807b20        0x4 c:\Users\AaronL\AppData\Roaming\Code\User\globalStorage\vexrobotics.vexcode\sdk\cpp\V5\V5_20240802_15_00_00/vexv5\libv5rt.a(vex_global.cpp.obj)
                0x03807b20                vex::volt
 .rodata._ZN3vex6PORT14E
                0x03807b24        0x4 c:\Users\AaronL\AppData\Roaming\Code\User\globalStorage\vexrobotics.vexcode\sdk\cpp\V5\V5_20240802_15_00_00/vexv5\libv5rt.a(vex_global.cpp.obj)
                0x03807b24                vex::PORT14
 .rodata._ZN3vex3pctE
                0x03807b28        0x4 c:\Users\AaronL\AppData\Roaming\Code\User\globalStorage\vexrobotics.vexcode\sdk\cpp\V5\V5_20240802_15_00_00/vexv5\libv5rt.a(vex_global.cpp.obj)
                0x03807b28                vex::pct
 .rodata._ZN3vex3secE
                0x03807b2c        0x4 c:\Users\AaronL\AppData\Roaming\Code\User\globalStorage\vexrobotics.vexcode\sdk\cpp\V5\V5_20240802_15_00_00/vexv5\libv5rt.a(vex_global.cpp.obj)
                0x03807b2c                vex::sec
 .rodata._ZN3vex4msecE
                0x03807b30        0x4 c:\Users\AaronL\AppData\Roaming\Code\User\globalStorage\vexrobotics.vexcode\sdk\cpp\V5\V5_20240802_15_00_00/vexv5\libv5rt.a(vex_global.cpp.obj)
                0x03807b30                vex::msec
 .rodata._ZN3vex5PORT9E
                0x03807b34        0x4 c:\Users\AaronL\AppData\Roaming\Code\User\globalStorage\vexrobotics.vexcode\sdk\cpp\V5\V5_20240802_15_00_00/vexv5\libv5rt.a(vex_global.cpp.obj)
                0x03807b34                vex::PORT9
 .rodata._ZN3vex5PORT2E
                0x03807b38        0x4 c:\Users\AaronL\AppData\Roaming\Code\User\globalStorage\vexrobotics.vexcode\sdk\cpp\V5\V5_20240802_15_00_00/vexv5\libv5rt.a(vex_global.cpp.obj)
                0x03807b38                vex::PORT2
 .rodata._ZN3vex6PORT11E
                0x03807b3c        0x4 c:\Users\AaronL\AppData\Roaming\Code\User\globalStorage\vexrobotics.vexcode\sdk\cpp\V5\V5_20240802_15_00_00/vexv5\libv5rt.a(vex_global.cpp.obj)
                0x03807b3c                vex::PORT11
 .rodata._ZN3vex5PORT6E
                0x03807b40        0x4 c:\Users\AaronL\AppData\Roaming\Code\User\globalStorage\vexrobotics.vexcode\sdk\cpp\V5\V5_20240802_15_00_00/vexv5\libv5rt.a(vex_global.cpp.obj)
                0x03807b40                vex::PORT6
 .rodata._ZN3vex7primaryE
                0x03807b44        0x4 c:\Users\AaronL\AppData\Roaming\Code\User\globalStorage\vexrobotics.vexcode\sdk\cpp\V5\V5_20240802_15_00_00/vexv5\libv5rt.a(vex_global.cpp.obj)
                0x03807b44                vex::primary
 .rodata._ZN3vex3degE
                0x03807b48        0x4 c:\Users\AaronL\AppData\Roaming\Code\User\globalStorage\vexrobotics.vexcode\sdk\cpp\V5\V5_20240802_15_00_00/vexv5\libv5rt.a(vex_global.cpp.obj)
                0x03807b48                vex::deg
 .rodata._ZN3vex6PORT22E
                0x03807b4c        0x4 c:\Users\AaronL\AppData\Roaming\Code\User\globalStorage\vexrobotics.vexcode\sdk\cpp\V5\V5_20240802_15_00_00/vexv5\libv5rt.a(vex_global.cpp.obj)
                0x03807b4c                vex::PORT22
 .rodata._ZN3vex4holdE
                0x03807b50        0x4 c:\Users\AaronL\AppData\Roaming\Code\User\globalStorage\vexrobotics.vexcode\sdk\cpp\V5\V5_20240802_15_00_00/vexv5\libv5rt.a(vex_global.cpp.obj)
                0x03807b50                vex::hold
 .rodata._ZN3vex6PORT12E
                0x03807b54        0x4 c:\Users\AaronL\AppData\Roaming\Code\User\globalStorage\vexrobotics.vexcode\sdk\cpp\V5\V5_20240802_15_00_00/vexv5\libv5rt.a(vex_global.cpp.obj)
                0x03807b54                vex::PORT12
 .rodata._ZN3vex5PORT7E
                0x03807b58        0x4 c:\Users\AaronL\AppData\Roaming\Code\User\globalStorage\vexrobotics.vexcode\sdk\cpp\V5\V5_20240802_15_00_00/vexv5\libv5rt.a(vex_global.cpp.obj)
                0x03807b58                vex::PORT7
 .rodata._ZN3vex8ratio6_1E
                0x03807b5c        0x4 c:\Users\AaronL\AppData\Roaming\Code\User\globalStorage\vexrobotics.vexcode\sdk\cpp\V5\V5_20240802_15_00_00/vexv5\libv5rt.a(vex_global.cpp.obj)
                0x03807b5c                vex::ratio6_1
 .rodata._ZN3vex5coastE
                0x03807b60        0x4 c:\Users\AaronL\AppData\Roaming\Code\User\globalStorage\vexrobotics.vexcode\sdk\cpp\V5\V5_20240802_15_00_00/vexv5\libv5rt.a(vex_global.cpp.obj)
                0x03807b60                vex::coast
 .rodata._ZN3vex5PORT4E
                0x03807b64        0x4 c:\Users\AaronL\AppData\Roaming\Code\User\globalStorage\vexrobotics.vexcode\sdk\cpp\V5\V5_20240802_15_00_00/vexv5\libv5rt.a(vex_global.cpp.obj)
                0x03807b64                vex::PORT4
 .rodata._ZN3vex6PORT13E
                0x03807b68        0x4 c:\Users\AaronL\AppData\Roaming\Code\User\globalStorage\vexrobotics.vexcode\sdk\cpp\V5\V5_20240802_15_00_00/vexv5\libv5rt.a(vex_global.cpp.obj)
                0x03807b68                vex::PORT13
 .rodata._ZN3vex5PORT8E
                0x03807b6c        0x4 c:\Users\AaronL\AppData\Roaming\Code\User\globalStorage\vexrobotics.vexcode\sdk\cpp\V5\V5_20240802_15_00_00/vexv5\libv5rt.a(vex_global.cpp.obj)
                0x03807b6c                vex::PORT8
 .rodata._ZN3vex7secondsE
                0x03807b70        0x4 c:\Users\AaronL\AppData\Roaming\Code\User\globalStorage\vexrobotics.vexcode\sdk\cpp\V5\V5_20240802_15_00_00/vexv5\libv5rt.a(vex_global.cpp.obj)
                0x03807b70                vex::seconds
 *fill*         0x03807b74        0x4 
 .rodata._ZTVN3vex5motorE
                0x03807b78       0x18 c:\Users\AaronL\AppData\Roaming\Code\User\globalStorage\vexrobotics.vexcode\sdk\cpp\V5\V5_20240802_15_00_00/vexv5\libv5rt.a(vex_motor.cpp.obj)
                0x03807b78                vtable for vex::motor
 .rodata._ZTVN3vex8inertialE
                0x03807b90       0x68 c:\Users\AaronL\AppData\Roaming\Code\User\globalStorage\vexrobotics.vexcode\sdk\cpp\V5\V5_20240802_15_00_00/vexv5\libv5rt.a(vex_imu.cpp.obj)
                0x03807b90                vtable for vex::inertial
 .rodata._ZTVN3vex8rotationE
                0x03807bf8       0x18 c:\Users\AaronL\AppData\Roaming\Code\User\globalStorage\vexrobotics.vexcode\sdk\cpp\V5\V5_20240802_15_00_00/vexv5\libv5rt.a(vex_rotation.cpp.obj)
                0x03807bf8                vtable for vex::rotation
 .rodata.CSWTCH.16
                0x03807c10        0xb c:\Users\AaronL\AppData\Roaming\Code\User\globalStorage\vexrobotics.vexcode\sdk\cpp\V5\V5_20240802_15_00_00/vexv5\libv5rt.a(vex_controller.cpp.obj)
 .rodata.CSWTCH.18
                0x03807c1b        0xb c:\Users\AaronL\AppData\Roaming\Code\User\globalStorage\vexrobotics.vexcode\sdk\cpp\V5\V5_20240802_15_00_00/vexv5\libv5rt.a(vex_controller.cpp.obj)
 .rodata.CSWTCH.24
                0x03807c26        0x3 c:\Users\AaronL\AppData\Roaming\Code\User\globalStorage\vexrobotics.vexcode\sdk\cpp\V5\V5_20240802_15_00_00/vexv5\libv5rt.a(vex_controller.cpp.obj)
 .rodata.str1.1
                0x03807c29       0x14 c:\Users\AaronL\AppData\Roaming\Code\User\globalStorage\vexrobotics.vexcode\sdk\cpp\V5\V5_20240802_15_00_00/vexv5\libv5rt.a(vex_task.cpp.obj)
 .rodata.str1.1
                0x03807c3d       0x2d c:\Users\AaronL\AppData\Roaming\Code\User\globalStorage\vexrobotics.vexcode\sdk\cpp\V5\V5_20240802_15_00_00/vexv5\libv5rt.a(vex_brain.cpp.obj)
 *fill*         0x03807c6a        0x6 
 .rodata._ZTVN3vex7triportE
                0x03807c70       0x18 c:\Users\AaronL\AppData\Roaming\Code\User\globalStorage\vexrobotics.vexcode\sdk\cpp\V5\V5_20240802_15_00_00/vexv5\libv5rt.a(vex_triport.cpp.obj)